// Jest Snapshot v1, https://goo.gl/fbAQLP

exports[`should render demo and match snapshot 1`] = `
<main>
  <demo-block>
    <wx-view
      class="custom-class demo-block smart-clearfix demo-block--padding"
    >
      <wx-view
        class="demo-block__title"
      >
        基础用法
      </wx-view>
      <smart-empty>
        <wx-view
          class="custom-class smart-empty"
        >
          <wx-view
            class="smart-empty__image"
          />
          <wx-view
            class="smart-empty__image"
          >
            <wx-image
              class="smart-empty__image__img"
              src=""
            />
          </wx-view>
          <wx-view
            class="smart-empty__description"
          />
          <wx-view
            class="smart-empty__description"
          >
            
    描述文字
  
          </wx-view>
          <wx-view
            class="smart-empty__bottom"
          />
        </wx-view>
      </smart-empty>
    </wx-view>
  </demo-block>
  <demo-block>
    <wx-view
      class="custom-class demo-block smart-clearfix "
    >
      <wx-view
        class="demo-block__title"
      >
        图片类型
      </wx-view>
      <smart-tabs
        bind:change="onChange"
      >
        <wx-view
          class="custom-class smart-tabs"
        >
          <smart-sticky
            bind:scroll="onTouchScroll"
          >
            <wx-view
              class="custom-class smart-sticky"
              style="z-index:1"
            >
              <wx-view
                class="smart-sticky-wrap"
                style="z-index:1"
              >
                <wx-view
                  class="smart-tabs--line smart-tabs__wrap  wrap-class"
                >
                  <wx-scroll-view
                    class="smart-tabs__scroll smart-tabs__scroll--line"
                    scrollLeft="{{0}}"
                    scrollWithAnimation="{{false}}"
                    scrollX="{{false}}"
                    style=""
                  >
                    <wx-view
                      class="smart-tabs__nav smart-tabs__nav--line nav-class"
                      style=""
                    >
                      <wx-view
                        class="smart-tabs__line"
                        style="width:16px;opacity:0;transform:translateX(0px);-webkit-transform:translateX(0px)"
                      />
                      <wx-view
                        class="tab-class tab-active-class smart-ellipsis smart-tab smart-tab--active"
                        data-index="{{0}}"
                        style=""
                        bind:tap="onTap"
                      >
                        <wx-view
                          class="smart-ellipsis"
                          style=""
                        >
                          
              通用错误
              
                        </wx-view>
                      </wx-view>
                      <wx-view
                        class="tab-class smart-ellipsis smart-tab"
                        data-index="{{1}}"
                        style=""
                        bind:tap="onTap"
                      >
                        <wx-view
                          class="smart-ellipsis"
                          style=""
                        >
                          
              网络错误
              
                        </wx-view>
                      </wx-view>
                      <wx-view
                        class="tab-class smart-ellipsis smart-tab"
                        data-index="{{2}}"
                        style=""
                        bind:tap="onTap"
                      >
                        <wx-view
                          class="smart-ellipsis"
                          style=""
                        >
                          
              搜索提示
              
                        </wx-view>
                      </wx-view>
                    </wx-view>
                  </wx-scroll-view>
                </wx-view>
              </wx-view>
            </wx-view>
          </smart-sticky>
          <wx-view
            class="smart-tabs__content"
            bind:touchcancel="onTouchEnd"
            bind:touchend="onTouchEnd"
            bind:touchmove="onTouchMove"
            bind:touchstart="onTouchStart"
          >
            <wx-view
              class="smart-tabs__track smart-tabs__track"
              style=""
            >
              <smart-tab>
                <wx-view
                  class="custom-class smart-tab__pane smart-tab__pane--active"
                  style=""
                >
                  <smart-empty>
                    <wx-view
                      class="custom-class smart-empty"
                    >
                      <wx-view
                        class="smart-empty__image"
                      />
                      <wx-view
                        class="smart-empty__image"
                      >
                        <wx-image
                          class="smart-empty__image__img"
                          src=""
                        />
                      </wx-view>
                      <wx-view
                        class="smart-empty__description"
                      />
                      <wx-view
                        class="smart-empty__description"
                      >
                        
    描述文字
  
                      </wx-view>
                      <wx-view
                        class="smart-empty__bottom"
                      />
                    </wx-view>
                  </smart-empty>
                </wx-view>
              </smart-tab>
              <smart-tab>
                <wx-view
                  class="custom-class smart-tab__pane smart-tab__pane--inactive"
                  style="display: none;"
                />
              </smart-tab>
              <smart-tab>
                <wx-view
                  class="custom-class smart-tab__pane smart-tab__pane--inactive"
                  style="display: none;"
                />
              </smart-tab>
            </wx-view>
          </wx-view>
        </wx-view>
      </smart-tabs>
    </wx-view>
  </demo-block>
  <demo-block>
    <wx-view
      class="custom-class demo-block smart-clearfix demo-block--padding"
    >
      <wx-view
        class="demo-block__title"
      >
        自定义图片
      </wx-view>
      <smart-empty
        customClass="custom-image"
      >
        <wx-view
          class="custom-class smart-empty"
        >
          <wx-view
            class="smart-empty__image"
          />
          <wx-view
            class="smart-empty__image"
          >
            <wx-image
              class="smart-empty__image__img"
              src="https://static1.tuyacn.com/static/tuya-miniapp-doc/_next/static/images/logo-small.png"
            />
          </wx-view>
          <wx-view
            class="smart-empty__description"
          />
          <wx-view
            class="smart-empty__description"
          >
            
    描述文字
  
          </wx-view>
          <wx-view
            class="smart-empty__bottom"
          />
        </wx-view>
      </smart-empty>
    </wx-view>
  </demo-block>
  <demo-block>
    <wx-view
      class="custom-class demo-block smart-clearfix demo-block--padding"
    >
      <wx-view
        class="demo-block__title"
      >
        底部内容
      </wx-view>
      <smart-empty>
        <wx-view
          class="custom-class smart-empty"
        >
          <wx-view
            class="smart-empty__image"
          />
          <wx-view
            class="smart-empty__image"
          >
            <wx-image
              class="smart-empty__image__img"
              src=""
            />
          </wx-view>
          <wx-view
            class="smart-empty__description"
          />
          <wx-view
            class="smart-empty__description"
          >
            
    描述文字
  
          </wx-view>
          <wx-view
            class="smart-empty__bottom"
          >
            <smart-button
              customClass="bottom-button"
            >
              <wx-button
                appParameter=""
                ariaLabel=""
                businessId="{{0}}"
                class="custom-class smart-button smart-button--danger smart-button--normal smart-button--round "
                data-detail="{{null}}"
                formType=""
                hoverClass="smart-button--active hover-class"
                id=""
                lang=""
                openType=""
                sendMessageImg=""
                sendMessagePath=""
                sendMessageTitle=""
                sessionFrom=""
                showMessageCard="{{false}}"
                style=""
                bind:agreeprivacyauthorization="onAgreePrivacyAuthorization"
                bind:chooseavatar="onChooseAvatar"
                bind:contact="onContact"
                bind:error="onError"
                bind:getphonenumber="onGetPhoneNumber"
                bind:getrealtimephonenumber="onGetRealTimePhoneNumber"
                bind:getuserinfo="onGetUserInfo"
                bind:launchapp="onLaunchApp"
                bind:opensetting="onOpenSetting"
                bind:tap="onClick"
              >
                <wx-view
                  class="smart-button__text"
                >
                  
      按钮
    
                </wx-view>
              </wx-button>
            </smart-button>
          </wx-view>
        </wx-view>
      </smart-empty>
    </wx-view>
  </demo-block>
</main>
`;
