// Jest Snapshot v1, https://goo.gl/fbAQLP

exports[`should render demo and match snapshot 1`] = `
<main>
  <demo-block>
    <wx-view
      class="custom-class demo-block smart-clearfix "
    >
      <smart-count-down>
        <wx-view
          class="smart-count-down"
        >
          30:00:00
        </wx-view>
      </smart-count-down>
    </wx-view>
  </demo-block>
  <demo-block>
    <wx-view
      class="custom-class demo-block smart-clearfix "
    >
      <smart-count-down>
        <wx-view
          class="smart-count-down"
        >
          01  06  00  00 
        </wx-view>
      </smart-count-down>
    </wx-view>
  </demo-block>
  <demo-block>
    <wx-view
      class="custom-class demo-block smart-clearfix "
    >
      <smart-count-down>
        <wx-view
          class="smart-count-down"
        >
          30:00:00:000
        </wx-view>
      </smart-count-down>
    </wx-view>
  </demo-block>
  <demo-block>
    <wx-view
      class="custom-class demo-block smart-clearfix "
    >
      <smart-count-down
        bind:change="onChange"
      >
        <wx-view
          class="smart-count-down"
        >
          <wx-text
            class="item"
          >
            
          </wx-text>
          <wx-text
            class="item"
          >
            
          </wx-text>
          <wx-text
            class="item"
          >
            
          </wx-text>
        </wx-view>
      </smart-count-down>
    </wx-view>
  </demo-block>
  <demo-block>
    <wx-view
      class="custom-class demo-block smart-clearfix "
    >
      <smart-count-down
        class="control-count-down"
        bind:finish="finished"
      >
        <wx-view
          class="smart-count-down"
        >
          03:000
        </wx-view>
      </smart-count-down>
      <smart-grid>
        <wx-view
          class="smart-grid custom-class smart-hairline--top"
          style="padding-left:0px"
        >
          <smart-grid-item
            bind:click="start"
          >
            <wx-view
              class="custom-class smart-grid-item"
              style="width:33.333333333333336%;padding-right:0px"
              bind:tap="onClick"
            >
              <wx-view
                class="content-class smart-grid-item__content smart-grid-item__content--center smart-grid-item__content--clickable smart-hairline--surround"
                style=""
              >
                <wx-view
                  class="smart-grid-item__icon icon-class"
                >
                  <smart-icon>
                    <wx-view
                      class="custom-class smart-icon smart-icon-play-circle-o"
                      style=""
                      bind:tap="onClick"
                    />
                  </smart-icon>
                </wx-view>
                <wx-view
                  class="smart-grid-item__text text-class"
                />
              </wx-view>
            </wx-view>
          </smart-grid-item>
          <smart-grid-item
            bind:click="pause"
          >
            <wx-view
              class="custom-class smart-grid-item"
              style="width:33.333333333333336%;padding-right:0px"
              bind:tap="onClick"
            >
              <wx-view
                class="content-class smart-grid-item__content smart-grid-item__content--center smart-grid-item__content--clickable smart-hairline--surround"
                style=""
              >
                <wx-view
                  class="smart-grid-item__icon icon-class"
                >
                  <smart-icon>
                    <wx-view
                      class="custom-class smart-icon smart-icon-pause-circle-o"
                      style=""
                      bind:tap="onClick"
                    />
                  </smart-icon>
                </wx-view>
                <wx-view
                  class="smart-grid-item__text text-class"
                />
              </wx-view>
            </wx-view>
          </smart-grid-item>
          <smart-grid-item
            bind:click="reset"
          >
            <wx-view
              class="custom-class smart-grid-item"
              style="width:33.333333333333336%;padding-right:0px"
              bind:tap="onClick"
            >
              <wx-view
                class="content-class smart-grid-item__content smart-grid-item__content--center smart-grid-item__content--clickable smart-hairline--surround"
                style=""
              >
                <wx-view
                  class="smart-grid-item__icon icon-class"
                >
                  <smart-icon>
                    <wx-view
                      class="custom-class smart-icon smart-icon-replay"
                      style=""
                      bind:tap="onClick"
                    />
                  </smart-icon>
                </wx-view>
                <wx-view
                  class="smart-grid-item__text text-class"
                />
              </wx-view>
            </wx-view>
          </smart-grid-item>
        </wx-view>
      </smart-grid>
    </wx-view>
  </demo-block>
  <smart-toast
    id="smart-toast-count-down"
  >
    <smart-transition
      customClass="smart-toast__container smart-toast--middle"
    />
  </smart-toast>
</main>
`;
