// Jest Snapshot v1, https://goo.gl/fbAQLP

exports[`should render demo and match snapshot 1`] = `
<main>
  <demo-block>
    <wx-view
      class="custom-class demo-block smart-clearfix "
    >
      <smart-skeleton>
        <wx-view
          class="custom-class smart-skeleton smart-skeleton--animate"
        >
          <wx-view
            class="smart-skeleton__content"
          >
            <wx-view
              class="title-class smart-skeleton__title"
              style="width:40%"
            />
            <wx-view
              class="row-class smart-skeleton__row"
              style="width:100%"
            />
            <wx-view
              class="row-class smart-skeleton__row"
              style="width:100%"
            />
            <wx-view
              class="row-class smart-skeleton__row"
              style="width:80%"
            />
          </wx-view>
        </wx-view>
      </smart-skeleton>
    </wx-view>
  </demo-block>
  <demo-block>
    <wx-view
      class="custom-class demo-block smart-clearfix "
    >
      <smart-skeleton>
        <wx-view
          class="custom-class smart-skeleton smart-skeleton--animate"
        >
          <wx-view
            class="avatar-class smart-skeleton__avatar smart-skeleton__avatar--round"
            style="width:32px;height:32px"
          />
          <wx-view
            class="smart-skeleton__content"
          >
            <wx-view
              class="title-class smart-skeleton__title"
              style="width:40%"
            />
            <wx-view
              class="row-class smart-skeleton__row"
              style="width:100%"
            />
            <wx-view
              class="row-class smart-skeleton__row"
              style="width:100%"
            />
            <wx-view
              class="row-class smart-skeleton__row"
              style="width:100%"
            />
          </wx-view>
        </wx-view>
      </smart-skeleton>
    </wx-view>
  </demo-block>
  <demo-block>
    <wx-view
      class="custom-class demo-block smart-clearfix "
    >
      <smart-switch
        bind:change="onChange"
      >
        <wx-view
          class="smart-switch custom-class"
          style="font-size:24px"
          bind:tap="onClick"
        >
          <wx-view
            class="smart-switch__label"
          >
            <wx-view
              class="smart-switch__label_active"
              style="opacity: 0"
            >
              
            </wx-view>
            <wx-view
              class="smart-switch__label_inactive"
              style="opacity: 1"
            >
              
            </wx-view>
          </wx-view>
          <wx-view
            class="smart-switch__center"
          >
            <wx-view
              class="smart-switch__node node-class"
            />
          </wx-view>
        </wx-view>
      </smart-switch>
      <smart-skeleton>
        <wx-view
          class="custom-class smart-skeleton smart-skeleton--animate"
        >
          <wx-view
            class="avatar-class smart-skeleton__avatar smart-skeleton__avatar--round"
            style="width:32px;height:32px"
          />
          <wx-view
            class="smart-skeleton__content"
          >
            <wx-view
              class="title-class smart-skeleton__title"
              style="width:40%"
            />
            <wx-view
              class="row-class smart-skeleton__row"
              style="width:100%"
            />
            <wx-view
              class="row-class smart-skeleton__row"
              style="width:100%"
            />
            <wx-view
              class="row-class smart-skeleton__row"
              style="width:100%"
            />
          </wx-view>
        </wx-view>
      </smart-skeleton>
    </wx-view>
  </demo-block>
</main>
`;
