// Jest Snapshot v1, https://goo.gl/fbAQLP

exports[`should render demo and match snapshot 1`] = `
<main>
  <wx-view
    style="padding: 0 24px;"
  >
    <demo-block>
      <wx-view
        class="custom-class demo-block smart-clearfix "
      >
        <wx-view
          class="demo-block__title"
        >
          普通滑动条
        </wx-view>
        <smart-slider
          bind:change="onChange"
        >
          <wx-view
            class="contain"
          >
            <ty-slider
              activeStepStyle=""
              barStyle="height:4px"
              className=""
              direction=""
              disable="{{false}}"
              enableTouch="{{true}}"
              end="{{50}}"
              hidden="{{false}}"
              hideThumbButton="{{false}}"
              hotAreaStyle=""
              instanceId="slider1"
              max="{{100}}"
              min="{{0}}"
              parcel="{{false}}"
              parcelMargin="{{0}}"
              parcelThumbHeight="{{0}}"
              parcelThumbWidth="{{0}}"
              reverse="{{false}}"
              showSteps="{{false}}"
              step="{{1}}"
              stepStyle=""
              thumbStyle=""
              thumbStyleRenderFormatter="{{null}}"
              thumbStyleRenderValueReverse="{{false}}"
              thumbStyleRenderValueScale="{{1}}"
              thumbStyleRenderValueStart="{{1}}"
              thumbWrapStyle="{{null}}"
              trackStyle="height:4px"
              bind:end="bindend"
              bind:move="bindmove"
              bind:start="bindstart"
            />
          </wx-view>
        </smart-slider>
      </wx-view>
    </demo-block>
    <demo-block>
      <wx-view
        class="custom-class demo-block smart-clearfix "
      >
        <wx-view
          class="demo-block__title"
        >
          间隔滑动条
        </wx-view>
        <smart-slider
          bind:change="onChange"
        >
          <wx-view
            class="contain"
          >
            <ty-slider
              activeStepStyle="background:#fff;"
              barStyle="height:8px"
              className=""
              direction=""
              disable="{{false}}"
              enableTouch="{{true}}"
              end="{{50}}"
              hidden="{{false}}"
              hideThumbButton="{{false}}"
              hotAreaStyle=""
              instanceId="slider2"
              max="{{100}}"
              min="{{0}}"
              parcel="{{false}}"
              parcelMargin="{{0}}"
              parcelThumbHeight="{{0}}"
              parcelThumbWidth="{{0}}"
              reverse="{{false}}"
              showSteps="{{true}}"
              step="{{10}}"
              stepStyle="width:4px;height:4px;"
              thumbStyle="width:18px;height:18px;"
              thumbStyleRenderFormatter="{{null}}"
              thumbStyleRenderValueReverse="{{false}}"
              thumbStyleRenderValueScale="{{1}}"
              thumbStyleRenderValueStart="{{1}}"
              thumbWrapStyle="{{null}}"
              trackStyle="height:8px"
              bind:end="bindend"
              bind:move="bindmove"
              bind:start="bindstart"
            />
          </wx-view>
        </smart-slider>
      </wx-view>
    </demo-block>
    <demo-block>
      <wx-view
        class="custom-class demo-block smart-clearfix "
      >
        <wx-view
          class="demo-block__title"
        >
          间隔滑动条
        </wx-view>
        <smart-slider
          bind:change="onChange"
        >
          <wx-view
            class="contain"
          >
            <ty-slider
              activeStepStyle="width:4px;height:12px;border-radius:4px;background:#fff;"
              barStyle="height:40px;border-radius:16px;"
              className=""
              direction=""
              disable="{{false}}"
              enableTouch="{{true}}"
              end="{{50}}"
              hidden="{{false}}"
              hideThumbButton="{{true}}"
              hotAreaStyle=""
              instanceId="slider3"
              max="{{90}}"
              min="{{0}}"
              parcel="{{false}}"
              parcelMargin="{{0}}"
              parcelThumbHeight="{{0}}"
              parcelThumbWidth="{{0}}"
              reverse="{{false}}"
              showSteps="{{true}}"
              step="{{30}}"
              stepStyle="width:4px;height:12px;border-radius:4px;"
              thumbStyle="width:18px;height:18px;"
              thumbStyleRenderFormatter="{{null}}"
              thumbStyleRenderValueReverse="{{false}}"
              thumbStyleRenderValueScale="{{1}}"
              thumbStyleRenderValueStart="{{1}}"
              thumbWrapStyle="{{null}}"
              trackStyle="height:40px;border-radius:16px;"
              bind:end="bindend"
              bind:move="bindmove"
              bind:start="bindstart"
            />
          </wx-view>
        </smart-slider>
      </wx-view>
    </demo-block>
    <demo-block>
      <wx-view
        class="custom-class demo-block smart-clearfix "
      >
        <wx-view
          class="demo-block__title"
        >
          拖动滑动条
        </wx-view>
        <smart-slider
          bind:change="onChange"
        >
          <wx-view
            class="contain"
          >
            <ty-slider
              activeStepStyle=""
              barStyle="height:22px;border-radius:13px;"
              className=""
              direction=""
              disable="{{false}}"
              enableTouch="{{true}}"
              end="{{50}}"
              hidden="{{false}}"
              hideThumbButton="{{false}}"
              hotAreaStyle=""
              instanceId="slider4"
              max="{{100}}"
              min="{{0}}"
              parcel="{{true}}"
              parcelMargin="{{2}}"
              parcelThumbHeight="{{18}}"
              parcelThumbWidth="{{18}}"
              reverse="{{false}}"
              showSteps="{{false}}"
              step="{{1}}"
              stepStyle=""
              thumbStyle="width:20px;height:20px;background:#fff;border-radius:50%;"
              thumbStyleRenderFormatter="{{null}}"
              thumbStyleRenderValueReverse="{{false}}"
              thumbStyleRenderValueScale="{{1}}"
              thumbStyleRenderValueStart="{{1}}"
              thumbWrapStyle="{{null}}"
              trackStyle="height:26px;border-radius:13px;"
              bind:end="bindend"
              bind:move="bindmove"
              bind:start="bindstart"
            />
          </wx-view>
        </smart-slider>
      </wx-view>
    </demo-block>
    <demo-block>
      <wx-view
        class="custom-class demo-block smart-clearfix "
      >
        <wx-view
          class="demo-block__title"
        >
          拖动滑动条
        </wx-view>
        <smart-slider
          bind:change="onChange"
        >
          <wx-view
            class="contain"
          >
            <ty-slider
              activeStepStyle=""
              barStyle="height:45px;border-radius:8px;"
              className=""
              direction=""
              disable="{{false}}"
              enableTouch="{{true}}"
              end="{{50}}"
              hidden="{{false}}"
              hideThumbButton="{{false}}"
              hotAreaStyle=""
              instanceId="slider5"
              max="{{100}}"
              min="{{0}}"
              parcel="{{false}}"
              parcelMargin="{{0}}"
              parcelThumbHeight="{{0}}"
              parcelThumbWidth="{{0}}"
              reverse="{{false}}"
              showSteps="{{false}}"
              step="{{1}}"
              stepStyle=""
              thumbStyle="width:15px;height:50px;background:#BBC5D4;border:2px solid #FFFFFF;box-shadow:0px 0px 2px 0px rgba(0, 0, 0, 0.5);border-radius:2px;"
              thumbStyleRenderFormatter="{{null}}"
              thumbStyleRenderValueReverse="{{false}}"
              thumbStyleRenderValueScale="{{1}}"
              thumbStyleRenderValueStart="{{1}}"
              thumbWrapStyle="{{null}}"
              trackStyle="height:45px;border-radius:8px;"
              bind:end="bindend"
              bind:move="bindmove"
              bind:start="bindstart"
            />
          </wx-view>
        </smart-slider>
      </wx-view>
    </demo-block>
    <demo-block>
      <wx-view
        class="custom-class demo-block smart-clearfix "
      >
        <wx-view
          class="demo-block__title"
        >
          拖动滑动条
        </wx-view>
        <smart-slider
          bind:change="onChange"
        >
          <wx-view
            class="contain"
          >
            <ty-slider
              activeStepStyle=""
              barStyle="height:22px;border-radius:5px;"
              className=""
              direction=""
              disable="{{false}}"
              enableTouch="{{true}}"
              end="{{50}}"
              hidden="{{false}}"
              hideThumbButton="{{false}}"
              hotAreaStyle=""
              instanceId="slider6"
              max="{{100}}"
              min="{{0}}"
              parcel="{{true}}"
              parcelMargin="{{2}}"
              parcelThumbHeight="{{16}}"
              parcelThumbWidth="{{3}}"
              reverse="{{false}}"
              showSteps="{{false}}"
              step="{{1}}"
              stepStyle=""
              thumbStyle="width:5px;height:16px;background:#fff;"
              thumbStyleRenderFormatter="{{null}}"
              thumbStyleRenderValueReverse="{{false}}"
              thumbStyleRenderValueScale="{{1}}"
              thumbStyleRenderValueStart="{{1}}"
              thumbWrapStyle="{{null}}"
              trackStyle="height:26px;border-radius:5px;"
              bind:end="bindend"
              bind:move="bindmove"
              bind:start="bindstart"
            />
          </wx-view>
        </smart-slider>
      </wx-view>
    </demo-block>
    <demo-block>
      <wx-view
        class="custom-class demo-block smart-clearfix "
      >
        <wx-view
          class="demo-block__title"
        >
          双滑块滑动条
        </wx-view>
        <smart-range-slider
          bind:change="onRangeChange"
        >
          <wx-view
            class="custom-class smart-slider"
            style="
          background: #D8D9DC;
          height: 4px;
        "
            bind:tap="onClick"
          >
            <wx-view
              class="smart-slider__bar"
              style="
          width: 30%;
          left: 10%;
          top: 0;
          
        ; background-color:#007AFF"
            >
              <wx-view
                class="smart-slider__button-wrapper-left"
                data-index="{{0}}"
                bind:touchcancel="onTouchEnd"
                bind:touchend="onTouchEnd"
                catch:touchmove="onTouchMove"
                bind:touchstart="onTouchStart"
              >
                <wx-view
                  class="smart-slider__button"
                />
              </wx-view>
              <wx-view
                class="smart-slider__button-wrapper-right"
                data-index="{{1}}"
                bind:touchcancel="onTouchEnd"
                bind:touchend="onTouchEnd"
                catch:touchmove="onTouchMove"
                bind:touchstart="onTouchStart"
              >
                <wx-view
                  class="smart-slider__button"
                />
              </wx-view>
            </wx-view>
          </wx-view>
        </smart-range-slider>
      </wx-view>
    </demo-block>
  </wx-view>
</main>
`;
