// Jest Snapshot v1, https://goo.gl/fbAQLP

exports[`should render demo and match snapshot 1`] = `
<main>
  <demo-block>
    <wx-view
      class="custom-class demo-block smart-clearfix demo-block--padding"
    >
      <smart-button
        bind:click="showNotify"
      >
        <wx-button
          appParameter=""
          ariaLabel=""
          businessId="{{0}}"
          class="custom-class smart-button smart-button--danger smart-button--normal "
          data-detail="{{null}}"
          formType=""
          hoverClass="smart-button--active hover-class"
          id=""
          lang=""
          openType=""
          sendMessageImg=""
          sendMessagePath=""
          sendMessageTitle=""
          sessionFrom=""
          showMessageCard="{{false}}"
          style=""
          bind:agreeprivacyauthorization="onAgreePrivacyAuthorization"
          bind:chooseavatar="onChooseAvatar"
          bind:contact="onContact"
          bind:error="onError"
          bind:getphonenumber="onGetPhoneNumber"
          bind:getrealtimephonenumber="onGetRealTimePhoneNumber"
          bind:getuserinfo="onGetUserInfo"
          bind:launchapp="onLaunchApp"
          bind:opensetting="onOpenSetting"
          bind:tap="onClick"
        >
          <wx-view
            class="smart-button__text"
            style=""
          >
            
          </wx-view>
        </wx-button>
      </smart-button>
    </wx-view>
  </demo-block>
  <demo-block>
    <wx-view
      class="custom-class demo-block smart-clearfix demo-block--padding"
    >
      <wx-view
        class="demo-margin-bottom"
      >
        <smart-button
          class="demo-margin-right"
          data-type="primary"
          bind:click="showNotifyByType"
        >
          <wx-button
            appParameter=""
            ariaLabel=""
            businessId="{{0}}"
            class="custom-class smart-button smart-button--info smart-button--normal "
            data-detail="{{null}}"
            formType=""
            hoverClass="smart-button--active hover-class"
            id=""
            lang=""
            openType=""
            sendMessageImg=""
            sendMessagePath=""
            sendMessageTitle=""
            sessionFrom=""
            showMessageCard="{{false}}"
            style=""
            bind:agreeprivacyauthorization="onAgreePrivacyAuthorization"
            bind:chooseavatar="onChooseAvatar"
            bind:contact="onContact"
            bind:error="onError"
            bind:getphonenumber="onGetPhoneNumber"
            bind:getrealtimephonenumber="onGetRealTimePhoneNumber"
            bind:getuserinfo="onGetUserInfo"
            bind:launchapp="onLaunchApp"
            bind:opensetting="onOpenSetting"
            bind:tap="onClick"
          >
            <wx-view
              class="smart-button__text"
              style=""
            >
              
            </wx-view>
          </wx-button>
        </smart-button>
        <smart-button
          data-type="success"
          bind:click="showNotifyByType"
        >
          <wx-button
            appParameter=""
            ariaLabel=""
            businessId="{{0}}"
            class="custom-class smart-button smart-button--primary smart-button--normal "
            data-detail="{{null}}"
            formType=""
            hoverClass="smart-button--active hover-class"
            id=""
            lang=""
            openType=""
            sendMessageImg=""
            sendMessagePath=""
            sendMessageTitle=""
            sessionFrom=""
            showMessageCard="{{false}}"
            style=""
            bind:agreeprivacyauthorization="onAgreePrivacyAuthorization"
            bind:chooseavatar="onChooseAvatar"
            bind:contact="onContact"
            bind:error="onError"
            bind:getphonenumber="onGetPhoneNumber"
            bind:getrealtimephonenumber="onGetRealTimePhoneNumber"
            bind:getuserinfo="onGetUserInfo"
            bind:launchapp="onLaunchApp"
            bind:opensetting="onOpenSetting"
            bind:tap="onClick"
          >
            <wx-view
              class="smart-button__text"
              style=""
            >
              
            </wx-view>
          </wx-button>
        </smart-button>
      </wx-view>
      <wx-view
        class="demo-margin-bottom"
      >
        <smart-button
          class="demo-margin-right"
          data-type="danger"
          bind:click="showNotifyByType"
        >
          <wx-button
            appParameter=""
            ariaLabel=""
            businessId="{{0}}"
            class="custom-class smart-button smart-button--danger smart-button--normal "
            data-detail="{{null}}"
            formType=""
            hoverClass="smart-button--active hover-class"
            id=""
            lang=""
            openType=""
            sendMessageImg=""
            sendMessagePath=""
            sendMessageTitle=""
            sessionFrom=""
            showMessageCard="{{false}}"
            style=""
            bind:agreeprivacyauthorization="onAgreePrivacyAuthorization"
            bind:chooseavatar="onChooseAvatar"
            bind:contact="onContact"
            bind:error="onError"
            bind:getphonenumber="onGetPhoneNumber"
            bind:getrealtimephonenumber="onGetRealTimePhoneNumber"
            bind:getuserinfo="onGetUserInfo"
            bind:launchapp="onLaunchApp"
            bind:opensetting="onOpenSetting"
            bind:tap="onClick"
          >
            <wx-view
              class="smart-button__text"
              style=""
            >
              
            </wx-view>
          </wx-button>
        </smart-button>
        <smart-button
          data-type="warning"
          bind:click="showNotifyByType"
        >
          <wx-button
            appParameter=""
            ariaLabel=""
            businessId="{{0}}"
            class="custom-class smart-button smart-button--warning smart-button--normal "
            data-detail="{{null}}"
            formType=""
            hoverClass="smart-button--active hover-class"
            id=""
            lang=""
            openType=""
            sendMessageImg=""
            sendMessagePath=""
            sendMessageTitle=""
            sessionFrom=""
            showMessageCard="{{false}}"
            style=""
            bind:agreeprivacyauthorization="onAgreePrivacyAuthorization"
            bind:chooseavatar="onChooseAvatar"
            bind:contact="onContact"
            bind:error="onError"
            bind:getphonenumber="onGetPhoneNumber"
            bind:getrealtimephonenumber="onGetRealTimePhoneNumber"
            bind:getuserinfo="onGetUserInfo"
            bind:launchapp="onLaunchApp"
            bind:opensetting="onOpenSetting"
            bind:tap="onClick"
          >
            <wx-view
              class="smart-button__text"
              style=""
            >
              
            </wx-view>
          </wx-button>
        </smart-button>
      </wx-view>
    </wx-view>
  </demo-block>
  <demo-block>
    <wx-view
      class="custom-class demo-block smart-clearfix demo-block--padding"
    >
      <smart-button
        class="demo-margin-right"
        bind:click="showCustomColor"
      >
        <wx-button
          appParameter=""
          ariaLabel=""
          businessId="{{0}}"
          class="custom-class smart-button smart-button--primary smart-button--normal "
          data-detail="{{null}}"
          formType=""
          hoverClass="smart-button--active hover-class"
          id=""
          lang=""
          openType=""
          sendMessageImg=""
          sendMessagePath=""
          sendMessageTitle=""
          sessionFrom=""
          showMessageCard="{{false}}"
          style=""
          bind:agreeprivacyauthorization="onAgreePrivacyAuthorization"
          bind:chooseavatar="onChooseAvatar"
          bind:contact="onContact"
          bind:error="onError"
          bind:getphonenumber="onGetPhoneNumber"
          bind:getrealtimephonenumber="onGetRealTimePhoneNumber"
          bind:getuserinfo="onGetUserInfo"
          bind:launchapp="onLaunchApp"
          bind:opensetting="onOpenSetting"
          bind:tap="onClick"
        >
          <wx-view
            class="smart-button__text"
            style=""
          >
            
          </wx-view>
        </wx-button>
      </smart-button>
      <smart-button
        bind:click="showCustomDuration"
      >
        <wx-button
          appParameter=""
          ariaLabel=""
          businessId="{{0}}"
          class="custom-class smart-button smart-button--primary smart-button--normal "
          data-detail="{{null}}"
          formType=""
          hoverClass="smart-button--active hover-class"
          id=""
          lang=""
          openType=""
          sendMessageImg=""
          sendMessagePath=""
          sendMessageTitle=""
          sessionFrom=""
          showMessageCard="{{false}}"
          style=""
          bind:agreeprivacyauthorization="onAgreePrivacyAuthorization"
          bind:chooseavatar="onChooseAvatar"
          bind:contact="onContact"
          bind:error="onError"
          bind:getphonenumber="onGetPhoneNumber"
          bind:getrealtimephonenumber="onGetRealTimePhoneNumber"
          bind:getuserinfo="onGetUserInfo"
          bind:launchapp="onLaunchApp"
          bind:opensetting="onOpenSetting"
          bind:tap="onClick"
        >
          <wx-view
            class="smart-button__text"
            style=""
          >
            
          </wx-view>
        </wx-button>
      </smart-button>
    </wx-view>
  </demo-block>
  <demo-block>
    <wx-view
      class="custom-class demo-block smart-clearfix demo-block--padding"
    >
      <smart-button
        class="demo-margin-right"
        bind:click="showSafe"
      >
        <wx-button
          appParameter=""
          ariaLabel=""
          businessId="{{0}}"
          class="custom-class smart-button smart-button--primary smart-button--normal "
          data-detail="{{null}}"
          formType=""
          hoverClass="smart-button--active hover-class"
          id=""
          lang=""
          openType=""
          sendMessageImg=""
          sendMessagePath=""
          sendMessageTitle=""
          sessionFrom=""
          showMessageCard="{{false}}"
          style=""
          bind:agreeprivacyauthorization="onAgreePrivacyAuthorization"
          bind:chooseavatar="onChooseAvatar"
          bind:contact="onContact"
          bind:error="onError"
          bind:getphonenumber="onGetPhoneNumber"
          bind:getrealtimephonenumber="onGetRealTimePhoneNumber"
          bind:getuserinfo="onGetUserInfo"
          bind:launchapp="onLaunchApp"
          bind:opensetting="onOpenSetting"
          bind:tap="onClick"
        >
          <wx-view
            class="smart-button__text"
            style=""
          >
            
          </wx-view>
        </wx-button>
      </smart-button>
    </wx-view>
  </demo-block>
  <smart-notify
    id="smart-notify"
  >
    <smart-transition
      customClass="smart-notify__container"
      bind:tap="onTap"
    />
  </smart-notify>
</main>
`;
