// Jest Snapshot v1, https://goo.gl/fbAQLP

exports[`should render demo and match snapshot 1`] = `
<main>
  <demo-block
    title=""
  >
    <smart-custom-keyboard
      bind:change="onChange"
      bind:confirm="onConfirm"
    >
      <wx-view
        class="keyboard keyboard-container"
        style="margin-left: 56rpx; margin-yop: 16rpx; margin-bottom: 56rpx"
      >
        <wx-view
          class="keyboard-textView"
          bind:tap="handlePassword"
        >
          <wx-text
            class="keyboard-pwdText smart-manrope null"
            style=""
          >
            please input
          </wx-text>
        </wx-view>
      </wx-view>
      <smart-popup
        bind:close="onMaskPress"
      >
        <smart-overlay
          bind:click="onClickOverlay"
        >
          <smart-transition
            customClass="smart-overlay custom-class"
            bind:tap="onClick"
            catch:touchmove="noop"
          />
        </smart-overlay>
      </smart-popup>
    </smart-custom-keyboard>
  </demo-block>
  <demo-block
    title=""
  >
    <smart-custom-keyboard
      bind:change="handleValueChange"
      bind:confirm="onConfirm"
    >
      <wx-view
        class="keyboard keyboard-container"
        style="marginLeft: 56rpx; marginTop: 16rpx; marginBottom: 56rpx; width: 560rpx; height: 120rpx;"
      >
        <wx-view
          class="keyboard-textView"
          bind:tap="handlePassword"
        >
          <wx-text
            class="keyboard-pwdText smart-manrope keyboard-password"
            style=""
          >
            222
          </wx-text>
        </wx-view>
        <wx-view
          slot="custom-button"
          style="border: 1px solid blue; borderRadius: 4px; marginRight: 4px"
          bind:tap="handleBtn"
        >
          
        </wx-view>
      </wx-view>
      <smart-popup
        bind:close="onMaskPress"
      >
        <smart-overlay
          bind:click="onClickOverlay"
        >
          <smart-transition
            customClass="smart-overlay custom-class"
            bind:tap="onClick"
            catch:touchmove="noop"
          />
        </smart-overlay>
      </smart-popup>
    </smart-custom-keyboard>
  </demo-block>
  <demo-block
    title=""
  >
    <smart-custom-keyboard>
      <wx-view
        class="keyboard keyboard-container"
        style="marginLeft: 56rpx; marginTop: 16rpx; marginBottom: 56rpx;"
      >
        <wx-view
          class="keyboard-textView"
          bind:tap="handlePassword"
        >
          <wx-text
            class="keyboard-pwdText smart-manrope null"
            style=""
          >
            please input
          </wx-text>
        </wx-view>
      </wx-view>
      <smart-popup
        bind:close="onMaskPress"
      >
        <smart-overlay
          bind:click="onClickOverlay"
        >
          <smart-transition
            customClass="smart-overlay custom-class"
            bind:tap="onClick"
            catch:touchmove="noop"
          />
        </smart-overlay>
      </smart-popup>
    </smart-custom-keyboard>
  </demo-block>
  <demo-block
    title=""
  >
    <smart-custom-keyboard>
      <wx-view
        class="keyboard keyboard-container"
        style="marginLeft: 56rpx; marginTop: 16rpx; marginBottom: 56rpx;"
      >
        <wx-view
          class="keyboard-textView"
          bind:tap="handlePassword"
        >
          <wx-text
            class="keyboard-pwdText smart-manrope null"
            style=""
          >
            please input
          </wx-text>
        </wx-view>
      </wx-view>
      <smart-popup
        bind:close="onMaskPress"
      >
        <smart-overlay
          bind:click="onClickOverlay"
        >
          <smart-transition
            customClass="smart-overlay custom-class"
            bind:tap="onClick"
            catch:touchmove="noop"
          />
        </smart-overlay>
      </smart-popup>
    </smart-custom-keyboard>
  </demo-block>
</main>
`;
