// Jest Snapshot v1, https://goo.gl/fbAQLP

exports[`should render demo and match snapshot 1`] = `
<main>
  <demo-block>
    <wx-view
      class="custom-class demo-block smart-clearfix demo-block--padding"
    >
      <smart-tag
        class="demo-margin-right"
      >
        <wx-view
          class="custom-class smart-tag smart-tag--primary"
          style=""
        >
          
        </wx-view>
      </smart-tag>
      <smart-tag
        class="demo-margin-right"
      >
        <wx-view
          class="custom-class smart-tag smart-tag--success"
          style=""
        >
          
        </wx-view>
      </smart-tag>
      <smart-tag
        class="demo-margin-right"
      >
        <wx-view
          class="custom-class smart-tag smart-tag--danger"
          style=""
        >
          
        </wx-view>
      </smart-tag>
      <smart-tag
        class="demo-margin-right"
      >
        <wx-view
          class="custom-class smart-tag smart-tag--warning"
          style=""
        >
          
        </wx-view>
      </smart-tag>
    </wx-view>
  </demo-block>
  <demo-block>
    <wx-view
      class="custom-class demo-block smart-clearfix demo-block--padding"
    >
      <smart-tag
        class="demo-margin-right"
      >
        <wx-view
          class="custom-class smart-tag smart-tag--primary smart-tag--round"
          style=""
        >
          
        </wx-view>
      </smart-tag>
      <smart-tag
        class="demo-margin-right"
      >
        <wx-view
          class="custom-class smart-tag smart-tag--success smart-tag--round"
          style=""
        >
          
        </wx-view>
      </smart-tag>
      <smart-tag
        class="demo-margin-right"
      >
        <wx-view
          class="custom-class smart-tag smart-tag--danger smart-tag--round"
          style=""
        >
          
        </wx-view>
      </smart-tag>
      <smart-tag
        class="demo-margin-right"
      >
        <wx-view
          class="custom-class smart-tag smart-tag--warning smart-tag--round"
          style=""
        >
          
        </wx-view>
      </smart-tag>
    </wx-view>
  </demo-block>
  <demo-block>
    <wx-view
      class="custom-class demo-block smart-clearfix demo-block--padding"
    >
      <smart-tag
        class="demo-margin-right"
      >
        <wx-view
          class="custom-class smart-tag smart-tag--primary smart-tag--mark"
          style=""
        >
          
        </wx-view>
      </smart-tag>
      <smart-tag
        class="demo-margin-right"
      >
        <wx-view
          class="custom-class smart-tag smart-tag--success smart-tag--mark"
          style=""
        >
          
        </wx-view>
      </smart-tag>
      <smart-tag
        class="demo-margin-right"
      >
        <wx-view
          class="custom-class smart-tag smart-tag--danger smart-tag--mark"
          style=""
        >
          
        </wx-view>
      </smart-tag>
      <smart-tag
        class="demo-margin-right"
      >
        <wx-view
          class="custom-class smart-tag smart-tag--warning smart-tag--mark"
          style=""
        >
          
        </wx-view>
      </smart-tag>
    </wx-view>
  </demo-block>
  <demo-block>
    <wx-view
      class="custom-class demo-block smart-clearfix demo-block--padding"
    >
      <smart-tag
        class="demo-margin-right"
      >
        <wx-view
          class="custom-class smart-tag smart-tag--primary smart-tag--plain"
          style=""
        >
          
        </wx-view>
      </smart-tag>
      <smart-tag
        class="demo-margin-right"
      >
        <wx-view
          class="custom-class smart-tag smart-tag--success smart-tag--plain"
          style=""
        >
          
        </wx-view>
      </smart-tag>
      <smart-tag
        class="demo-margin-right"
      >
        <wx-view
          class="custom-class smart-tag smart-tag--danger smart-tag--plain"
          style=""
        >
          
        </wx-view>
      </smart-tag>
      <smart-tag
        class="demo-margin-right"
      >
        <wx-view
          class="custom-class smart-tag smart-tag--warning smart-tag--plain"
          style=""
        >
          
        </wx-view>
      </smart-tag>
    </wx-view>
  </demo-block>
  <demo-block>
    <wx-view
      class="custom-class demo-block smart-clearfix demo-block--padding"
    >
      <smart-tag
        class="demo-margin-right"
      >
        <wx-view
          class="custom-class smart-tag smart-tag--default"
          style="background-color:rgba(16, 208, 208, 1)"
        >
          
        </wx-view>
      </smart-tag>
      <smart-tag
        class="demo-margin-right"
      >
        <wx-view
          class="custom-class smart-tag smart-tag--default"
          style="background-color:rgba(16, 208, 208, 0.2);color:rgba(16, 208, 208, 1)"
        >
          
        </wx-view>
      </smart-tag>
      <smart-tag
        class="demo-margin-right"
      >
        <wx-view
          class="custom-class smart-tag smart-tag--default smart-tag--plain"
          style="color:rgba(16, 208, 208, 1)"
        >
          
        </wx-view>
      </smart-tag>
    </wx-view>
  </demo-block>
  <demo-block>
    <wx-view
      class="custom-class demo-block smart-clearfix demo-block--padding"
    >
      <smart-tag
        class="demo-margin-right"
      >
        <wx-view
          class="custom-class smart-tag smart-tag--danger"
          style=""
        >
          
        </wx-view>
      </smart-tag>
      <smart-tag
        class="demo-margin-right"
      >
        <wx-view
          class="custom-class smart-tag smart-tag--danger smart-tag--medium"
          style=""
        >
          
        </wx-view>
      </smart-tag>
      <smart-tag
        class="demo-margin-right"
      >
        <wx-view
          class="custom-class smart-tag smart-tag--danger smart-tag--large"
          style=""
        >
          
        </wx-view>
      </smart-tag>
    </wx-view>
  </demo-block>
  <demo-block>
    <wx-view
      class="custom-class demo-block smart-clearfix demo-block--padding"
    >
      <smart-tag
        class="demo-margin-right"
        id="primary"
        bind:close="onClose"
      >
        <wx-view
          class="custom-class smart-tag smart-tag--primary smart-tag--medium"
          style=""
        >
          
          <smart-icon
            customClass="smart-tag__close"
            bind:click="onClose"
          >
            <wx-view
              class="custom-class smart-icon smart-icon--image smart-icon--svg"
              style="color:#fff"
              bind:tap="onClick"
            >
              <wx-view
                class="smart-icon__svg"
                style="-webkit-mask-image:url(data:image/svg+xml,%3C%3Fxml%20version%3D%221.0%22%20standalone%3D%22no%22%3F%3E%3C!DOCTYPE%20svg%20PUBLIC%20%22-%2F%2FW3C%2F%2FDTD%20SVG%201.1%2F%2FEN%22%20%22http%3A%2F%2Fwww.w3.org%2FGraphics%2FSVG%2F1.1%2FDTD%2Fsvg11.dtd%22%3E%3Csvg%20class%3D%22icon%22%20width%3D%22200px%22%20height%3D%22200.00px%22%20viewBox%3D%220%200%201024%201024%22%20version%3D%221.1%22%20xmlns%3D%22http%3A%2F%2Fwww.w3.org%2F2000%2Fsvg%22%3E%3Cpath%20fill%3D%22currentColor%22%20d%3D%22M262.875429%20696.685714c-13.494857%2013.531429-14.116571%2037.668571%200.365714%2051.785143%2014.116571%2014.153143%2038.217143%2013.824%2051.712%200.329143l196.754286-197.046857%20197.010285%20197.046857a37.156571%2037.156571%200%200%200%2051.748572-0.329143c13.824-14.482286%2014.153143-37.924571%200-51.748571l-196.717715-197.046857%20196.717715-196.717715a36.864%2036.864%200%200%200%200-51.748571c-14.482286-13.824-37.924571-14.116571-51.748572-0.329143l-197.046857%20197.046857L314.953143%20250.88c-13.494857-13.494857-37.924571-14.116571-51.748572%200.365714-14.116571%2014.116571-13.824%2038.217143-0.329142%2051.712l197.046857%20196.754286-197.046857%20197.010286z%22%2F%3E%3C%2Fsvg%3E);-webkit-mask-size:contain;-webkit-mask-repeat:no-repeat;-webkit-mask-position:center;mask-image:url(data:image/svg+xml,%3C%3Fxml%20version%3D%221.0%22%20standalone%3D%22no%22%3F%3E%3C!DOCTYPE%20svg%20PUBLIC%20%22-%2F%2FW3C%2F%2FDTD%20SVG%201.1%2F%2FEN%22%20%22http%3A%2F%2Fwww.w3.org%2FGraphics%2FSVG%2F1.1%2FDTD%2Fsvg11.dtd%22%3E%3Csvg%20class%3D%22icon%22%20width%3D%22200px%22%20height%3D%22200.00px%22%20viewBox%3D%220%200%201024%201024%22%20version%3D%221.1%22%20xmlns%3D%22http%3A%2F%2Fwww.w3.org%2F2000%2Fsvg%22%3E%3Cpath%20fill%3D%22currentColor%22%20d%3D%22M262.875429%20696.685714c-13.494857%2013.531429-14.116571%2037.668571%200.365714%2051.785143%2014.116571%2014.153143%2038.217143%2013.824%2051.712%200.329143l196.754286-197.046857%20197.010285%20197.046857a37.156571%2037.156571%200%200%200%2051.748572-0.329143c13.824-14.482286%2014.153143-37.924571%200-51.748571l-196.717715-197.046857%20196.717715-196.717715a36.864%2036.864%200%200%200%200-51.748571c-14.482286-13.824-37.924571-14.116571-51.748572-0.329143l-197.046857%20197.046857L314.953143%20250.88c-13.494857-13.494857-37.924571-14.116571-51.748572%200.365714-14.116571%2014.116571-13.824%2038.217143-0.329142%2051.712l197.046857%20196.754286-197.046857%20197.010286z%22%2F%3E%3C%2Fsvg%3E);mask-size:contain;background:#fff"
              />
            </wx-view>
          </smart-icon>
        </wx-view>
      </smart-tag>
      <smart-tag
        class="demo-margin-right"
        id="success"
        bind:close="onClose"
      >
        <wx-view
          class="custom-class smart-tag smart-tag--success smart-tag--medium"
          style=""
        >
          
          <smart-icon
            customClass="smart-tag__close"
            bind:click="onClose"
          >
            <wx-view
              class="custom-class smart-icon smart-icon--image smart-icon--svg"
              style="color:#fff"
              bind:tap="onClick"
            >
              <wx-view
                class="smart-icon__svg"
                style="-webkit-mask-image:url(data:image/svg+xml,%3C%3Fxml%20version%3D%221.0%22%20standalone%3D%22no%22%3F%3E%3C!DOCTYPE%20svg%20PUBLIC%20%22-%2F%2FW3C%2F%2FDTD%20SVG%201.1%2F%2FEN%22%20%22http%3A%2F%2Fwww.w3.org%2FGraphics%2FSVG%2F1.1%2FDTD%2Fsvg11.dtd%22%3E%3Csvg%20class%3D%22icon%22%20width%3D%22200px%22%20height%3D%22200.00px%22%20viewBox%3D%220%200%201024%201024%22%20version%3D%221.1%22%20xmlns%3D%22http%3A%2F%2Fwww.w3.org%2F2000%2Fsvg%22%3E%3Cpath%20fill%3D%22currentColor%22%20d%3D%22M262.875429%20696.685714c-13.494857%2013.531429-14.116571%2037.668571%200.365714%2051.785143%2014.116571%2014.153143%2038.217143%2013.824%2051.712%200.329143l196.754286-197.046857%20197.010285%20197.046857a37.156571%2037.156571%200%200%200%2051.748572-0.329143c13.824-14.482286%2014.153143-37.924571%200-51.748571l-196.717715-197.046857%20196.717715-196.717715a36.864%2036.864%200%200%200%200-51.748571c-14.482286-13.824-37.924571-14.116571-51.748572-0.329143l-197.046857%20197.046857L314.953143%20250.88c-13.494857-13.494857-37.924571-14.116571-51.748572%200.365714-14.116571%2014.116571-13.824%2038.217143-0.329142%2051.712l197.046857%20196.754286-197.046857%20197.010286z%22%2F%3E%3C%2Fsvg%3E);-webkit-mask-size:contain;-webkit-mask-repeat:no-repeat;-webkit-mask-position:center;mask-image:url(data:image/svg+xml,%3C%3Fxml%20version%3D%221.0%22%20standalone%3D%22no%22%3F%3E%3C!DOCTYPE%20svg%20PUBLIC%20%22-%2F%2FW3C%2F%2FDTD%20SVG%201.1%2F%2FEN%22%20%22http%3A%2F%2Fwww.w3.org%2FGraphics%2FSVG%2F1.1%2FDTD%2Fsvg11.dtd%22%3E%3Csvg%20class%3D%22icon%22%20width%3D%22200px%22%20height%3D%22200.00px%22%20viewBox%3D%220%200%201024%201024%22%20version%3D%221.1%22%20xmlns%3D%22http%3A%2F%2Fwww.w3.org%2F2000%2Fsvg%22%3E%3Cpath%20fill%3D%22currentColor%22%20d%3D%22M262.875429%20696.685714c-13.494857%2013.531429-14.116571%2037.668571%200.365714%2051.785143%2014.116571%2014.153143%2038.217143%2013.824%2051.712%200.329143l196.754286-197.046857%20197.010285%20197.046857a37.156571%2037.156571%200%200%200%2051.748572-0.329143c13.824-14.482286%2014.153143-37.924571%200-51.748571l-196.717715-197.046857%20196.717715-196.717715a36.864%2036.864%200%200%200%200-51.748571c-14.482286-13.824-37.924571-14.116571-51.748572-0.329143l-197.046857%20197.046857L314.953143%20250.88c-13.494857-13.494857-37.924571-14.116571-51.748572%200.365714-14.116571%2014.116571-13.824%2038.217143-0.329142%2051.712l197.046857%20196.754286-197.046857%20197.010286z%22%2F%3E%3C%2Fsvg%3E);mask-size:contain;background:#fff"
              />
            </wx-view>
          </smart-icon>
        </wx-view>
      </smart-tag>
    </wx-view>
  </demo-block>
</main>
`;
