// Jest Snapshot v1, https://goo.gl/fbAQLP

exports[`should render demo and match snapshot 1`] = `
<main>
  <demo-block>
    <wx-view
      class="custom-class demo-block smart-clearfix demo-block--padding"
    >
      <smart-button
        class="demo-margin-right"
        bind:tap="showToast"
      >
        <wx-button
          appParameter=""
          ariaLabel=""
          businessId="{{0}}"
          class="custom-class smart-button smart-button--primary smart-button--normal "
          data-detail="{{null}}"
          formType=""
          hoverClass="smart-button--active hover-class"
          id=""
          lang=""
          openType=""
          sendMessageImg=""
          sendMessagePath=""
          sendMessageTitle=""
          sessionFrom=""
          showMessageCard="{{false}}"
          style=""
          bind:agreeprivacyauthorization="onAgreePrivacyAuthorization"
          bind:chooseavatar="onChooseAvatar"
          bind:contact="onContact"
          bind:error="onError"
          bind:getphonenumber="onGetPhoneNumber"
          bind:getrealtimephonenumber="onGetRealTimePhoneNumber"
          bind:getuserinfo="onGetUserInfo"
          bind:launchapp="onLaunchApp"
          bind:opensetting="onOpenSetting"
          bind:tap="onClick"
        >
          <wx-view
            class="smart-button__text"
            style=""
          >
            
          </wx-view>
        </wx-button>
      </smart-button>
      <smart-button
        bind:tap="showLongToast"
      >
        <wx-button
          appParameter=""
          ariaLabel=""
          businessId="{{0}}"
          class="custom-class smart-button smart-button--primary smart-button--normal "
          data-detail="{{null}}"
          formType=""
          hoverClass="smart-button--active hover-class"
          id=""
          lang=""
          openType=""
          sendMessageImg=""
          sendMessagePath=""
          sendMessageTitle=""
          sessionFrom=""
          showMessageCard="{{false}}"
          style=""
          bind:agreeprivacyauthorization="onAgreePrivacyAuthorization"
          bind:chooseavatar="onChooseAvatar"
          bind:contact="onContact"
          bind:error="onError"
          bind:getphonenumber="onGetPhoneNumber"
          bind:getrealtimephonenumber="onGetRealTimePhoneNumber"
          bind:getuserinfo="onGetUserInfo"
          bind:launchapp="onLaunchApp"
          bind:opensetting="onOpenSetting"
          bind:tap="onClick"
        >
          <wx-view
            class="smart-button__text"
            style=""
          >
            
          </wx-view>
        </wx-button>
      </smart-button>
    </wx-view>
  </demo-block>
  <demo-block>
    <wx-view
      class="custom-class demo-block smart-clearfix demo-block--padding"
    >
      <smart-button
        class="demo-margin-right"
        bind:tap="showLoadingToast"
      >
        <wx-button
          appParameter=""
          ariaLabel=""
          businessId="{{0}}"
          class="custom-class smart-button smart-button--primary smart-button--normal "
          data-detail="{{null}}"
          formType=""
          hoverClass="smart-button--active hover-class"
          id=""
          lang=""
          openType=""
          sendMessageImg=""
          sendMessagePath=""
          sendMessageTitle=""
          sessionFrom=""
          showMessageCard="{{false}}"
          style=""
          bind:agreeprivacyauthorization="onAgreePrivacyAuthorization"
          bind:chooseavatar="onChooseAvatar"
          bind:contact="onContact"
          bind:error="onError"
          bind:getphonenumber="onGetPhoneNumber"
          bind:getrealtimephonenumber="onGetRealTimePhoneNumber"
          bind:getuserinfo="onGetUserInfo"
          bind:launchapp="onLaunchApp"
          bind:opensetting="onOpenSetting"
          bind:tap="onClick"
        >
          <wx-view
            class="smart-button__text"
            style=""
          >
            
          </wx-view>
        </wx-button>
      </smart-button>
      <smart-button
        bind:tap="showCustomLoadingToast"
      >
        <wx-button
          appParameter=""
          ariaLabel=""
          businessId="{{0}}"
          class="custom-class smart-button smart-button--primary smart-button--normal "
          data-detail="{{null}}"
          formType=""
          hoverClass="smart-button--active hover-class"
          id=""
          lang=""
          openType=""
          sendMessageImg=""
          sendMessagePath=""
          sendMessageTitle=""
          sessionFrom=""
          showMessageCard="{{false}}"
          style=""
          bind:agreeprivacyauthorization="onAgreePrivacyAuthorization"
          bind:chooseavatar="onChooseAvatar"
          bind:contact="onContact"
          bind:error="onError"
          bind:getphonenumber="onGetPhoneNumber"
          bind:getrealtimephonenumber="onGetRealTimePhoneNumber"
          bind:getuserinfo="onGetUserInfo"
          bind:launchapp="onLaunchApp"
          bind:opensetting="onOpenSetting"
          bind:tap="onClick"
        >
          <wx-view
            class="smart-button__text"
            style=""
          >
            
          </wx-view>
        </wx-button>
      </smart-button>
    </wx-view>
  </demo-block>
  <demo-block>
    <wx-view
      class="custom-class demo-block smart-clearfix demo-block--padding"
    >
      <smart-button
        class="demo-margin-right"
        bind:tap="showSuccessToast"
      >
        <wx-button
          appParameter=""
          ariaLabel=""
          businessId="{{0}}"
          class="custom-class smart-button smart-button--info smart-button--normal "
          data-detail="{{null}}"
          formType=""
          hoverClass="smart-button--active hover-class"
          id=""
          lang=""
          openType=""
          sendMessageImg=""
          sendMessagePath=""
          sendMessageTitle=""
          sessionFrom=""
          showMessageCard="{{false}}"
          style=""
          bind:agreeprivacyauthorization="onAgreePrivacyAuthorization"
          bind:chooseavatar="onChooseAvatar"
          bind:contact="onContact"
          bind:error="onError"
          bind:getphonenumber="onGetPhoneNumber"
          bind:getrealtimephonenumber="onGetRealTimePhoneNumber"
          bind:getuserinfo="onGetUserInfo"
          bind:launchapp="onLaunchApp"
          bind:opensetting="onOpenSetting"
          bind:tap="onClick"
        >
          <wx-view
            class="smart-button__text"
            style=""
          >
            
          </wx-view>
        </wx-button>
      </smart-button>
      <smart-button
        bind:tap="showFailToast"
      >
        <wx-button
          appParameter=""
          ariaLabel=""
          businessId="{{0}}"
          class="custom-class smart-button smart-button--danger smart-button--normal "
          data-detail="{{null}}"
          formType=""
          hoverClass="smart-button--active hover-class"
          id=""
          lang=""
          openType=""
          sendMessageImg=""
          sendMessagePath=""
          sendMessageTitle=""
          sessionFrom=""
          showMessageCard="{{false}}"
          style=""
          bind:agreeprivacyauthorization="onAgreePrivacyAuthorization"
          bind:chooseavatar="onChooseAvatar"
          bind:contact="onContact"
          bind:error="onError"
          bind:getphonenumber="onGetPhoneNumber"
          bind:getrealtimephonenumber="onGetRealTimePhoneNumber"
          bind:getuserinfo="onGetUserInfo"
          bind:launchapp="onLaunchApp"
          bind:opensetting="onOpenSetting"
          bind:tap="onClick"
        >
          <wx-view
            class="smart-button__text"
            style=""
          >
            
          </wx-view>
        </wx-button>
      </smart-button>
    </wx-view>
  </demo-block>
  <demo-block>
    <wx-view
      class="custom-class demo-block smart-clearfix demo-block--padding"
    >
      <smart-button
        class="demo-margin-right"
        bind:tap="showWarnToast"
      >
        <wx-button
          appParameter=""
          ariaLabel=""
          businessId="{{0}}"
          class="custom-class smart-button smart-button--info smart-button--normal "
          data-detail="{{null}}"
          formType=""
          hoverClass="smart-button--active hover-class"
          id=""
          lang=""
          openType=""
          sendMessageImg=""
          sendMessagePath=""
          sendMessageTitle=""
          sessionFrom=""
          showMessageCard="{{false}}"
          style=""
          bind:agreeprivacyauthorization="onAgreePrivacyAuthorization"
          bind:chooseavatar="onChooseAvatar"
          bind:contact="onContact"
          bind:error="onError"
          bind:getphonenumber="onGetPhoneNumber"
          bind:getrealtimephonenumber="onGetRealTimePhoneNumber"
          bind:getuserinfo="onGetUserInfo"
          bind:launchapp="onLaunchApp"
          bind:opensetting="onOpenSetting"
          bind:tap="onClick"
        >
          <wx-view
            class="smart-button__text"
            style=""
          >
            
          </wx-view>
        </wx-button>
      </smart-button>
    </wx-view>
  </demo-block>
  <demo-block>
    <wx-view
      class="custom-class demo-block smart-clearfix demo-block--padding"
    >
      <smart-button
        bind:tap="showCustomizedToast"
      >
        <wx-button
          appParameter=""
          ariaLabel=""
          businessId="{{0}}"
          class="custom-class smart-button smart-button--primary smart-button--normal "
          data-detail="{{null}}"
          formType=""
          hoverClass="smart-button--active hover-class"
          id=""
          lang=""
          openType=""
          sendMessageImg=""
          sendMessagePath=""
          sendMessageTitle=""
          sessionFrom=""
          showMessageCard="{{false}}"
          style=""
          bind:agreeprivacyauthorization="onAgreePrivacyAuthorization"
          bind:chooseavatar="onChooseAvatar"
          bind:contact="onContact"
          bind:error="onError"
          bind:getphonenumber="onGetPhoneNumber"
          bind:getrealtimephonenumber="onGetRealTimePhoneNumber"
          bind:getuserinfo="onGetUserInfo"
          bind:launchapp="onLaunchApp"
          bind:opensetting="onOpenSetting"
          bind:tap="onClick"
        >
          <wx-view
            class="smart-button__text"
            style=""
          >
            
          </wx-view>
        </wx-button>
      </smart-button>
    </wx-view>
  </demo-block>
  <demo-block>
    <wx-view
      class="custom-class demo-block smart-clearfix demo-block--padding"
    >
      <smart-button
        bind:tap="showCustomizedWidthToast"
      >
        <wx-button
          appParameter=""
          ariaLabel=""
          businessId="{{0}}"
          class="custom-class smart-button smart-button--primary smart-button--normal "
          data-detail="{{null}}"
          formType=""
          hoverClass="smart-button--active hover-class"
          id=""
          lang=""
          openType=""
          sendMessageImg=""
          sendMessagePath=""
          sendMessageTitle=""
          sessionFrom=""
          showMessageCard="{{false}}"
          style=""
          bind:agreeprivacyauthorization="onAgreePrivacyAuthorization"
          bind:chooseavatar="onChooseAvatar"
          bind:contact="onContact"
          bind:error="onError"
          bind:getphonenumber="onGetPhoneNumber"
          bind:getrealtimephonenumber="onGetRealTimePhoneNumber"
          bind:getuserinfo="onGetUserInfo"
          bind:launchapp="onLaunchApp"
          bind:opensetting="onOpenSetting"
          bind:tap="onClick"
        >
          <wx-view
            class="smart-button__text"
            style=""
          >
            
          </wx-view>
        </wx-button>
      </smart-button>
    </wx-view>
  </demo-block>
  <demo-block>
    <wx-view
      class="custom-class demo-block smart-clearfix demo-block--padding"
    >
      <smart-button
        class="demo-margin-right"
        bind:tap="showBottomToast"
      >
        <wx-button
          appParameter=""
          ariaLabel=""
          businessId="{{0}}"
          class="custom-class smart-button smart-button--primary smart-button--normal "
          data-detail="{{null}}"
          formType=""
          hoverClass="smart-button--active hover-class"
          id=""
          lang=""
          openType=""
          sendMessageImg=""
          sendMessagePath=""
          sendMessageTitle=""
          sessionFrom=""
          showMessageCard="{{false}}"
          style=""
          bind:agreeprivacyauthorization="onAgreePrivacyAuthorization"
          bind:chooseavatar="onChooseAvatar"
          bind:contact="onContact"
          bind:error="onError"
          bind:getphonenumber="onGetPhoneNumber"
          bind:getrealtimephonenumber="onGetRealTimePhoneNumber"
          bind:getuserinfo="onGetUserInfo"
          bind:launchapp="onLaunchApp"
          bind:opensetting="onOpenSetting"
          bind:tap="onClick"
        >
          <wx-view
            class="smart-button__text"
            style=""
          >
            
          </wx-view>
        </wx-button>
      </smart-button>
      <smart-button
        bind:tap="showTopToast"
      >
        <wx-button
          appParameter=""
          ariaLabel=""
          businessId="{{0}}"
          class="custom-class smart-button smart-button--primary smart-button--normal "
          data-detail="{{null}}"
          formType=""
          hoverClass="smart-button--active hover-class"
          id=""
          lang=""
          openType=""
          sendMessageImg=""
          sendMessagePath=""
          sendMessageTitle=""
          sessionFrom=""
          showMessageCard="{{false}}"
          style=""
          bind:agreeprivacyauthorization="onAgreePrivacyAuthorization"
          bind:chooseavatar="onChooseAvatar"
          bind:contact="onContact"
          bind:error="onError"
          bind:getphonenumber="onGetPhoneNumber"
          bind:getrealtimephonenumber="onGetRealTimePhoneNumber"
          bind:getuserinfo="onGetUserInfo"
          bind:launchapp="onLaunchApp"
          bind:opensetting="onOpenSetting"
          bind:tap="onClick"
        >
          <wx-view
            class="smart-button__text"
            style=""
          >
            
          </wx-view>
        </wx-button>
      </smart-button>
    </wx-view>
  </demo-block>
  <smart-toast
    id="smart-toast"
  >
    <smart-transition
      customClass="smart-toast__container smart-toast--middle"
    />
  </smart-toast>
</main>
`;
