// Jest Snapshot v1, https://goo.gl/fbAQLP

exports[`should render demo and match snapshot 1`] = `
<main>
  <demo-block
    customClass="white"
  >
    <wx-view
      class="custom-class demo-block smart-clearfix "
    >
      <smart-dropdown-menu>
        <wx-view
          class="smart-dropdown-menu smart-dropdown-menu--top-bottom custom-class"
        >
          <wx-view
            class="smart-dropdown-menu__item"
            data-index="{{0}}"
            bind:tap="onTitleTap"
          >
            <wx-view
              class=" smart-dropdown-menu__title title-class"
              style=""
            >
              <wx-view
                class="smart-ellipsis"
              >
                
        allProducts
      
              </wx-view>
              <smart-icon
                class="smart-dropdown-menu__title__triangle"
              >
                <wx-view
                  class="custom-class smart-icon smart-icon--image smart-icon--svg"
                  style="color:#CCCCCC"
                  bind:tap="onClick"
                >
                  <wx-view
                    class="smart-icon__svg"
                    style="-webkit-mask-image:url(data:image/svg+xml,%3C%3Fxml%20version%3D%221.0%22%20standalone%3D%22no%22%3F%3E%3C!DOCTYPE%20svg%20PUBLIC%20%22-%2F%2FW3C%2F%2FDTD%20SVG%201.1%2F%2FEN%22%20%22http%3A%2F%2Fwww.w3.org%2FGraphics%2FSVG%2F1.1%2FDTD%2Fsvg11.dtd%22%3E%3Csvg%20t%3D%221730112401900%22%20class%3D%22icon%22%20viewBox%3D%220%200%201024%201024%22%20version%3D%221.1%22%20xmlns%3D%22http%3A%2F%2Fwww.w3.org%2F2000%2Fsvg%22%20p-id%3D%229960%22%20xmlns%3Axlink%3D%22http%3A%2F%2Fwww.w3.org%2F1999%2Fxlink%22%20width%3D%22200%22%20height%3D%22200%22%3E%3Cpath%20d%3D%22M494.250667%20708.181333L112.469333%20331.349333a44.544%2044.544%200%200%201%200-65.109333%2046.762667%2046.762667%200%200%201%2033.024-13.909333h761.002667a46.933333%2046.933333%200%200%201%2047.189333%2046.421333%2045.653333%2045.653333%200%200%201-14.165333%2032.597333L560.213333%20708.181333a45.994667%2045.994667%200%200%201-65.962666%200z%22%20p-id%3D%229961%22%2F%3E%3C%2Fsvg%3E);-webkit-mask-size:contain;-webkit-mask-repeat:no-repeat;-webkit-mask-position:center;background:#CCCCCC"
                  />
                </wx-view>
              </smart-icon>
            </wx-view>
          </wx-view>
          <wx-view
            class="smart-dropdown-menu__item"
            data-index="{{1}}"
            bind:tap="onTitleTap"
          >
            <wx-view
              class=" smart-dropdown-menu__title title-class"
              style=""
            >
              <wx-view
                class="smart-ellipsis"
              >
                
        defaultSorting
      
              </wx-view>
              <smart-icon
                class="smart-dropdown-menu__title__triangle"
              >
                <wx-view
                  class="custom-class smart-icon smart-icon--image smart-icon--svg"
                  style="color:#CCCCCC"
                  bind:tap="onClick"
                >
                  <wx-view
                    class="smart-icon__svg"
                    style="-webkit-mask-image:url(data:image/svg+xml,%3C%3Fxml%20version%3D%221.0%22%20standalone%3D%22no%22%3F%3E%3C!DOCTYPE%20svg%20PUBLIC%20%22-%2F%2FW3C%2F%2FDTD%20SVG%201.1%2F%2FEN%22%20%22http%3A%2F%2Fwww.w3.org%2FGraphics%2FSVG%2F1.1%2FDTD%2Fsvg11.dtd%22%3E%3Csvg%20t%3D%221730112401900%22%20class%3D%22icon%22%20viewBox%3D%220%200%201024%201024%22%20version%3D%221.1%22%20xmlns%3D%22http%3A%2F%2Fwww.w3.org%2F2000%2Fsvg%22%20p-id%3D%229960%22%20xmlns%3Axlink%3D%22http%3A%2F%2Fwww.w3.org%2F1999%2Fxlink%22%20width%3D%22200%22%20height%3D%22200%22%3E%3Cpath%20d%3D%22M494.250667%20708.181333L112.469333%20331.349333a44.544%2044.544%200%200%201%200-65.109333%2046.762667%2046.762667%200%200%201%2033.024-13.909333h761.002667a46.933333%2046.933333%200%200%201%2047.189333%2046.421333%2045.653333%2045.653333%200%200%201-14.165333%2032.597333L560.213333%20708.181333a45.994667%2045.994667%200%200%201-65.962666%200z%22%20p-id%3D%229961%22%2F%3E%3C%2Fsvg%3E);-webkit-mask-size:contain;-webkit-mask-repeat:no-repeat;-webkit-mask-position:center;background:#CCCCCC"
                  />
                </wx-view>
              </smart-icon>
            </wx-view>
          </wx-view>
          <smart-dropdown-item />
          <smart-dropdown-item />
        </wx-view>
      </smart-dropdown-menu>
    </wx-view>
  </demo-block>
  <demo-block
    customClass="white"
  >
    <wx-view
      class="custom-class demo-block smart-clearfix "
    >
      <smart-dropdown-menu>
        <wx-view
          class="smart-dropdown-menu smart-dropdown-menu--top-bottom custom-class"
        >
          <wx-view
            class="smart-dropdown-menu__item"
            data-index="{{0}}"
            bind:tap="onTitleTap"
          >
            <wx-view
              class=" smart-dropdown-menu__title title-class"
              style=""
            >
              <wx-view
                class="smart-ellipsis"
              >
                
        allProducts
      
              </wx-view>
              <smart-icon
                class="smart-dropdown-menu__title__triangle"
              >
                <wx-view
                  class="custom-class smart-icon smart-icon--image smart-icon--svg"
                  style="color:#CCCCCC"
                  bind:tap="onClick"
                >
                  <wx-view
                    class="smart-icon__svg"
                    style="-webkit-mask-image:url(data:image/svg+xml,%3C%3Fxml%20version%3D%221.0%22%20standalone%3D%22no%22%3F%3E%3C!DOCTYPE%20svg%20PUBLIC%20%22-%2F%2FW3C%2F%2FDTD%20SVG%201.1%2F%2FEN%22%20%22http%3A%2F%2Fwww.w3.org%2FGraphics%2FSVG%2F1.1%2FDTD%2Fsvg11.dtd%22%3E%3Csvg%20t%3D%221730112401900%22%20class%3D%22icon%22%20viewBox%3D%220%200%201024%201024%22%20version%3D%221.1%22%20xmlns%3D%22http%3A%2F%2Fwww.w3.org%2F2000%2Fsvg%22%20p-id%3D%229960%22%20xmlns%3Axlink%3D%22http%3A%2F%2Fwww.w3.org%2F1999%2Fxlink%22%20width%3D%22200%22%20height%3D%22200%22%3E%3Cpath%20d%3D%22M494.250667%20708.181333L112.469333%20331.349333a44.544%2044.544%200%200%201%200-65.109333%2046.762667%2046.762667%200%200%201%2033.024-13.909333h761.002667a46.933333%2046.933333%200%200%201%2047.189333%2046.421333%2045.653333%2045.653333%200%200%201-14.165333%2032.597333L560.213333%20708.181333a45.994667%2045.994667%200%200%201-65.962666%200z%22%20p-id%3D%229961%22%2F%3E%3C%2Fsvg%3E);-webkit-mask-size:contain;-webkit-mask-repeat:no-repeat;-webkit-mask-position:center;background:#CCCCCC"
                  />
                </wx-view>
              </smart-icon>
            </wx-view>
          </wx-view>
          <wx-view
            class="smart-dropdown-menu__item"
            data-index="{{1}}"
            bind:tap="onTitleTap"
          >
            <wx-view
              class=" smart-dropdown-menu__title title-class"
              style=""
            >
              <wx-view
                class="smart-ellipsis"
              >
                
        filter
      
              </wx-view>
              <smart-icon
                class="smart-dropdown-menu__title__triangle"
              >
                <wx-view
                  class="custom-class smart-icon smart-icon--image smart-icon--svg"
                  style="color:#CCCCCC"
                  bind:tap="onClick"
                >
                  <wx-view
                    class="smart-icon__svg"
                    style="-webkit-mask-image:url(data:image/svg+xml,%3C%3Fxml%20version%3D%221.0%22%20standalone%3D%22no%22%3F%3E%3C!DOCTYPE%20svg%20PUBLIC%20%22-%2F%2FW3C%2F%2FDTD%20SVG%201.1%2F%2FEN%22%20%22http%3A%2F%2Fwww.w3.org%2FGraphics%2FSVG%2F1.1%2FDTD%2Fsvg11.dtd%22%3E%3Csvg%20t%3D%221730112401900%22%20class%3D%22icon%22%20viewBox%3D%220%200%201024%201024%22%20version%3D%221.1%22%20xmlns%3D%22http%3A%2F%2Fwww.w3.org%2F2000%2Fsvg%22%20p-id%3D%229960%22%20xmlns%3Axlink%3D%22http%3A%2F%2Fwww.w3.org%2F1999%2Fxlink%22%20width%3D%22200%22%20height%3D%22200%22%3E%3Cpath%20d%3D%22M494.250667%20708.181333L112.469333%20331.349333a44.544%2044.544%200%200%201%200-65.109333%2046.762667%2046.762667%200%200%201%2033.024-13.909333h761.002667a46.933333%2046.933333%200%200%201%2047.189333%2046.421333%2045.653333%2045.653333%200%200%201-14.165333%2032.597333L560.213333%20708.181333a45.994667%2045.994667%200%200%201-65.962666%200z%22%20p-id%3D%229961%22%2F%3E%3C%2Fsvg%3E);-webkit-mask-size:contain;-webkit-mask-repeat:no-repeat;-webkit-mask-position:center;background:#CCCCCC"
                  />
                </wx-view>
              </smart-icon>
            </wx-view>
          </wx-view>
          <smart-dropdown-item />
          <smart-dropdown-item
            id="item"
          />
        </wx-view>
      </smart-dropdown-menu>
    </wx-view>
  </demo-block>
  <demo-block
    customClass="white"
  >
    <wx-view
      class="custom-class demo-block smart-clearfix "
    >
      <smart-dropdown-menu>
        <wx-view
          class="smart-dropdown-menu smart-dropdown-menu--top-bottom custom-class"
        >
          <wx-view
            class="smart-dropdown-menu__item"
            data-index="{{0}}"
            bind:tap="onTitleTap"
          >
            <wx-view
              class=" smart-dropdown-menu__title title-class"
              style=""
            >
              <wx-view
                class="smart-ellipsis"
              >
                
        allProducts
      
              </wx-view>
              <smart-icon
                class="smart-dropdown-menu__title__triangle"
              >
                <wx-view
                  class="custom-class smart-icon smart-icon--image smart-icon--svg"
                  style="color:#CCCCCC"
                  bind:tap="onClick"
                >
                  <wx-view
                    class="smart-icon__svg"
                    style="-webkit-mask-image:url(data:image/svg+xml,%3C%3Fxml%20version%3D%221.0%22%20standalone%3D%22no%22%3F%3E%3C!DOCTYPE%20svg%20PUBLIC%20%22-%2F%2FW3C%2F%2FDTD%20SVG%201.1%2F%2FEN%22%20%22http%3A%2F%2Fwww.w3.org%2FGraphics%2FSVG%2F1.1%2FDTD%2Fsvg11.dtd%22%3E%3Csvg%20t%3D%221730112401900%22%20class%3D%22icon%22%20viewBox%3D%220%200%201024%201024%22%20version%3D%221.1%22%20xmlns%3D%22http%3A%2F%2Fwww.w3.org%2F2000%2Fsvg%22%20p-id%3D%229960%22%20xmlns%3Axlink%3D%22http%3A%2F%2Fwww.w3.org%2F1999%2Fxlink%22%20width%3D%22200%22%20height%3D%22200%22%3E%3Cpath%20d%3D%22M494.250667%20708.181333L112.469333%20331.349333a44.544%2044.544%200%200%201%200-65.109333%2046.762667%2046.762667%200%200%201%2033.024-13.909333h761.002667a46.933333%2046.933333%200%200%201%2047.189333%2046.421333%2045.653333%2045.653333%200%200%201-14.165333%2032.597333L560.213333%20708.181333a45.994667%2045.994667%200%200%201-65.962666%200z%22%20p-id%3D%229961%22%2F%3E%3C%2Fsvg%3E);-webkit-mask-size:contain;-webkit-mask-repeat:no-repeat;-webkit-mask-position:center;background:#CCCCCC"
                  />
                </wx-view>
              </smart-icon>
            </wx-view>
          </wx-view>
          <wx-view
            class="smart-dropdown-menu__item"
            data-index="{{1}}"
            bind:tap="onTitleTap"
          >
            <wx-view
              class=" smart-dropdown-menu__title title-class"
              style=""
            >
              <wx-view
                class="smart-ellipsis"
              >
                
        defaultSorting
      
              </wx-view>
              <smart-icon
                class="smart-dropdown-menu__title__triangle"
              >
                <wx-view
                  class="custom-class smart-icon smart-icon--image smart-icon--svg"
                  style="color:#CCCCCC"
                  bind:tap="onClick"
                >
                  <wx-view
                    class="smart-icon__svg"
                    style="-webkit-mask-image:url(data:image/svg+xml,%3C%3Fxml%20version%3D%221.0%22%20standalone%3D%22no%22%3F%3E%3C!DOCTYPE%20svg%20PUBLIC%20%22-%2F%2FW3C%2F%2FDTD%20SVG%201.1%2F%2FEN%22%20%22http%3A%2F%2Fwww.w3.org%2FGraphics%2FSVG%2F1.1%2FDTD%2Fsvg11.dtd%22%3E%3Csvg%20t%3D%221730112401900%22%20class%3D%22icon%22%20viewBox%3D%220%200%201024%201024%22%20version%3D%221.1%22%20xmlns%3D%22http%3A%2F%2Fwww.w3.org%2F2000%2Fsvg%22%20p-id%3D%229960%22%20xmlns%3Axlink%3D%22http%3A%2F%2Fwww.w3.org%2F1999%2Fxlink%22%20width%3D%22200%22%20height%3D%22200%22%3E%3Cpath%20d%3D%22M494.250667%20708.181333L112.469333%20331.349333a44.544%2044.544%200%200%201%200-65.109333%2046.762667%2046.762667%200%200%201%2033.024-13.909333h761.002667a46.933333%2046.933333%200%200%201%2047.189333%2046.421333%2045.653333%2045.653333%200%200%201-14.165333%2032.597333L560.213333%20708.181333a45.994667%2045.994667%200%200%201-65.962666%200z%22%20p-id%3D%229961%22%2F%3E%3C%2Fsvg%3E);-webkit-mask-size:contain;-webkit-mask-repeat:no-repeat;-webkit-mask-position:center;background:#CCCCCC"
                  />
                </wx-view>
              </smart-icon>
            </wx-view>
          </wx-view>
          <smart-dropdown-item />
          <smart-dropdown-item />
        </wx-view>
      </smart-dropdown-menu>
    </wx-view>
  </demo-block>
  <demo-block
    customClass="white"
  >
    <wx-view
      class="custom-class demo-block smart-clearfix "
    >
      <smart-dropdown-menu>
        <wx-view
          class="smart-dropdown-menu smart-dropdown-menu--top-bottom custom-class"
        >
          <wx-view
            class="smart-dropdown-menu__item"
            data-index="{{0}}"
            bind:tap="onTitleTap"
          >
            <wx-view
              class=" smart-dropdown-menu__title title-class"
              style=""
            >
              <wx-view
                class="smart-ellipsis"
              >
                
        allProducts
      
              </wx-view>
              <smart-icon
                class="smart-dropdown-menu__title__triangle smart-dropdown-menu__title__triangle--up"
              >
                <wx-view
                  class="custom-class smart-icon smart-icon--image smart-icon--svg"
                  style="color:#CCCCCC"
                  bind:tap="onClick"
                >
                  <wx-view
                    class="smart-icon__svg"
                    style="-webkit-mask-image:url(data:image/svg+xml,%3C%3Fxml%20version%3D%221.0%22%20standalone%3D%22no%22%3F%3E%3C!DOCTYPE%20svg%20PUBLIC%20%22-%2F%2FW3C%2F%2FDTD%20SVG%201.1%2F%2FEN%22%20%22http%3A%2F%2Fwww.w3.org%2FGraphics%2FSVG%2F1.1%2FDTD%2Fsvg11.dtd%22%3E%3Csvg%20t%3D%221730112401900%22%20class%3D%22icon%22%20viewBox%3D%220%200%201024%201024%22%20version%3D%221.1%22%20xmlns%3D%22http%3A%2F%2Fwww.w3.org%2F2000%2Fsvg%22%20p-id%3D%229960%22%20xmlns%3Axlink%3D%22http%3A%2F%2Fwww.w3.org%2F1999%2Fxlink%22%20width%3D%22200%22%20height%3D%22200%22%3E%3Cpath%20d%3D%22M494.250667%20708.181333L112.469333%20331.349333a44.544%2044.544%200%200%201%200-65.109333%2046.762667%2046.762667%200%200%201%2033.024-13.909333h761.002667a46.933333%2046.933333%200%200%201%2047.189333%2046.421333%2045.653333%2045.653333%200%200%201-14.165333%2032.597333L560.213333%20708.181333a45.994667%2045.994667%200%200%201-65.962666%200z%22%20p-id%3D%229961%22%2F%3E%3C%2Fsvg%3E);-webkit-mask-size:contain;-webkit-mask-repeat:no-repeat;-webkit-mask-position:center;background:#CCCCCC"
                  />
                </wx-view>
              </smart-icon>
            </wx-view>
          </wx-view>
          <wx-view
            class="smart-dropdown-menu__item"
            data-index="{{1}}"
            bind:tap="onTitleTap"
          >
            <wx-view
              class=" smart-dropdown-menu__title title-class"
              style=""
            >
              <wx-view
                class="smart-ellipsis"
              >
                
        defaultSorting
      
              </wx-view>
              <smart-icon
                class="smart-dropdown-menu__title__triangle smart-dropdown-menu__title__triangle--up"
              >
                <wx-view
                  class="custom-class smart-icon smart-icon--image smart-icon--svg"
                  style="color:#CCCCCC"
                  bind:tap="onClick"
                >
                  <wx-view
                    class="smart-icon__svg"
                    style="-webkit-mask-image:url(data:image/svg+xml,%3C%3Fxml%20version%3D%221.0%22%20standalone%3D%22no%22%3F%3E%3C!DOCTYPE%20svg%20PUBLIC%20%22-%2F%2FW3C%2F%2FDTD%20SVG%201.1%2F%2FEN%22%20%22http%3A%2F%2Fwww.w3.org%2FGraphics%2FSVG%2F1.1%2FDTD%2Fsvg11.dtd%22%3E%3Csvg%20t%3D%221730112401900%22%20class%3D%22icon%22%20viewBox%3D%220%200%201024%201024%22%20version%3D%221.1%22%20xmlns%3D%22http%3A%2F%2Fwww.w3.org%2F2000%2Fsvg%22%20p-id%3D%229960%22%20xmlns%3Axlink%3D%22http%3A%2F%2Fwww.w3.org%2F1999%2Fxlink%22%20width%3D%22200%22%20height%3D%22200%22%3E%3Cpath%20d%3D%22M494.250667%20708.181333L112.469333%20331.349333a44.544%2044.544%200%200%201%200-65.109333%2046.762667%2046.762667%200%200%201%2033.024-13.909333h761.002667a46.933333%2046.933333%200%200%201%2047.189333%2046.421333%2045.653333%2045.653333%200%200%201-14.165333%2032.597333L560.213333%20708.181333a45.994667%2045.994667%200%200%201-65.962666%200z%22%20p-id%3D%229961%22%2F%3E%3C%2Fsvg%3E);-webkit-mask-size:contain;-webkit-mask-repeat:no-repeat;-webkit-mask-position:center;background:#CCCCCC"
                  />
                </wx-view>
              </smart-icon>
            </wx-view>
          </wx-view>
          <smart-dropdown-item />
          <smart-dropdown-item />
        </wx-view>
      </smart-dropdown-menu>
    </wx-view>
  </demo-block>
  <demo-block
    customClass="white"
  >
    <wx-view
      class="custom-class demo-block smart-clearfix "
    >
      <smart-dropdown-menu>
        <wx-view
          class="smart-dropdown-menu smart-dropdown-menu--top-bottom custom-class"
        >
          <wx-view
            class="smart-dropdown-menu__item smart-dropdown-menu__item--disabled"
            data-index="{{0}}"
            bind:tap="onTitleTap"
          >
            <wx-view
              class=" smart-dropdown-menu__title title-class"
              style=""
            >
              <wx-view
                class="smart-ellipsis"
              >
                
        allProducts
      
              </wx-view>
              <smart-icon
                class="smart-dropdown-menu__title__triangle"
              >
                <wx-view
                  class="custom-class smart-icon smart-icon--image smart-icon--svg"
                  style="color:#CCCCCC"
                  bind:tap="onClick"
                >
                  <wx-view
                    class="smart-icon__svg"
                    style="-webkit-mask-image:url(data:image/svg+xml,%3C%3Fxml%20version%3D%221.0%22%20standalone%3D%22no%22%3F%3E%3C!DOCTYPE%20svg%20PUBLIC%20%22-%2F%2FW3C%2F%2FDTD%20SVG%201.1%2F%2FEN%22%20%22http%3A%2F%2Fwww.w3.org%2FGraphics%2FSVG%2F1.1%2FDTD%2Fsvg11.dtd%22%3E%3Csvg%20t%3D%221730112401900%22%20class%3D%22icon%22%20viewBox%3D%220%200%201024%201024%22%20version%3D%221.1%22%20xmlns%3D%22http%3A%2F%2Fwww.w3.org%2F2000%2Fsvg%22%20p-id%3D%229960%22%20xmlns%3Axlink%3D%22http%3A%2F%2Fwww.w3.org%2F1999%2Fxlink%22%20width%3D%22200%22%20height%3D%22200%22%3E%3Cpath%20d%3D%22M494.250667%20708.181333L112.469333%20331.349333a44.544%2044.544%200%200%201%200-65.109333%2046.762667%2046.762667%200%200%201%2033.024-13.909333h761.002667a46.933333%2046.933333%200%200%201%2047.189333%2046.421333%2045.653333%2045.653333%200%200%201-14.165333%2032.597333L560.213333%20708.181333a45.994667%2045.994667%200%200%201-65.962666%200z%22%20p-id%3D%229961%22%2F%3E%3C%2Fsvg%3E);-webkit-mask-size:contain;-webkit-mask-repeat:no-repeat;-webkit-mask-position:center;background:#CCCCCC"
                  />
                </wx-view>
              </smart-icon>
            </wx-view>
          </wx-view>
          <wx-view
            class="smart-dropdown-menu__item smart-dropdown-menu__item--disabled"
            data-index="{{1}}"
            bind:tap="onTitleTap"
          >
            <wx-view
              class=" smart-dropdown-menu__title title-class"
              style=""
            >
              <wx-view
                class="smart-ellipsis"
              >
                
        defaultSorting
      
              </wx-view>
              <smart-icon
                class="smart-dropdown-menu__title__triangle"
              >
                <wx-view
                  class="custom-class smart-icon smart-icon--image smart-icon--svg"
                  style="color:#CCCCCC"
                  bind:tap="onClick"
                >
                  <wx-view
                    class="smart-icon__svg"
                    style="-webkit-mask-image:url(data:image/svg+xml,%3C%3Fxml%20version%3D%221.0%22%20standalone%3D%22no%22%3F%3E%3C!DOCTYPE%20svg%20PUBLIC%20%22-%2F%2FW3C%2F%2FDTD%20SVG%201.1%2F%2FEN%22%20%22http%3A%2F%2Fwww.w3.org%2FGraphics%2FSVG%2F1.1%2FDTD%2Fsvg11.dtd%22%3E%3Csvg%20t%3D%221730112401900%22%20class%3D%22icon%22%20viewBox%3D%220%200%201024%201024%22%20version%3D%221.1%22%20xmlns%3D%22http%3A%2F%2Fwww.w3.org%2F2000%2Fsvg%22%20p-id%3D%229960%22%20xmlns%3Axlink%3D%22http%3A%2F%2Fwww.w3.org%2F1999%2Fxlink%22%20width%3D%22200%22%20height%3D%22200%22%3E%3Cpath%20d%3D%22M494.250667%20708.181333L112.469333%20331.349333a44.544%2044.544%200%200%201%200-65.109333%2046.762667%2046.762667%200%200%201%2033.024-13.909333h761.002667a46.933333%2046.933333%200%200%201%2047.189333%2046.421333%2045.653333%2045.653333%200%200%201-14.165333%2032.597333L560.213333%20708.181333a45.994667%2045.994667%200%200%201-65.962666%200z%22%20p-id%3D%229961%22%2F%3E%3C%2Fsvg%3E);-webkit-mask-size:contain;-webkit-mask-repeat:no-repeat;-webkit-mask-position:center;background:#CCCCCC"
                  />
                </wx-view>
              </smart-icon>
            </wx-view>
          </wx-view>
          <smart-dropdown-item />
          <smart-dropdown-item />
        </wx-view>
      </smart-dropdown-menu>
    </wx-view>
  </demo-block>
  <demo-block
    customClass="white"
  >
    <wx-view
      class="custom-class demo-block smart-clearfix "
    >
      <smart-dropdown-menu>
        <wx-view
          class="smart-dropdown-menu smart-dropdown-menu--top-bottom custom-class"
        >
          <wx-view
            class="smart-dropdown-menu__item"
            data-index="{{0}}"
            bind:tap="onTitleTap"
          >
            <wx-view
              class=" smart-dropdown-menu__title title-class"
              style=""
            >
              <wx-view
                class="smart-ellipsis"
              >
                
        allProducts
      
              </wx-view>
              <smart-icon
                class="smart-dropdown-menu__title__triangle"
              >
                <wx-view
                  class="custom-class smart-icon smart-icon--image smart-icon--svg"
                  style="color:#CCCCCC"
                  bind:tap="onClick"
                >
                  <wx-view
                    class="smart-icon__svg"
                    style="-webkit-mask-image:url(data:image/svg+xml,%3C%3Fxml%20version%3D%221.0%22%20standalone%3D%22no%22%3F%3E%3C!DOCTYPE%20svg%20PUBLIC%20%22-%2F%2FW3C%2F%2FDTD%20SVG%201.1%2F%2FEN%22%20%22http%3A%2F%2Fwww.w3.org%2FGraphics%2FSVG%2F1.1%2FDTD%2Fsvg11.dtd%22%3E%3Csvg%20t%3D%221730112401900%22%20class%3D%22icon%22%20viewBox%3D%220%200%201024%201024%22%20version%3D%221.1%22%20xmlns%3D%22http%3A%2F%2Fwww.w3.org%2F2000%2Fsvg%22%20p-id%3D%229960%22%20xmlns%3Axlink%3D%22http%3A%2F%2Fwww.w3.org%2F1999%2Fxlink%22%20width%3D%22200%22%20height%3D%22200%22%3E%3Cpath%20d%3D%22M494.250667%20708.181333L112.469333%20331.349333a44.544%2044.544%200%200%201%200-65.109333%2046.762667%2046.762667%200%200%201%2033.024-13.909333h761.002667a46.933333%2046.933333%200%200%201%2047.189333%2046.421333%2045.653333%2045.653333%200%200%201-14.165333%2032.597333L560.213333%20708.181333a45.994667%2045.994667%200%200%201-65.962666%200z%22%20p-id%3D%229961%22%2F%3E%3C%2Fsvg%3E);-webkit-mask-size:contain;-webkit-mask-repeat:no-repeat;-webkit-mask-position:center;background:#CCCCCC"
                  />
                </wx-view>
              </smart-icon>
            </wx-view>
          </wx-view>
          <smart-dropdown-item
            bind:before-toggle="onBeforeChange"
          />
        </wx-view>
      </smart-dropdown-menu>
    </wx-view>
  </demo-block>
</main>
`;
