// Jest Snapshot v1, https://goo.gl/fbAQLP

exports[`should render demo and match snapshot 1`] = `
<main>
  <demo-block>
    <wx-view
      class="custom-class demo-block smart-clearfix demo-block--padding"
    >
      <smart-row>
        <wx-view
          class="smart-row custom-class"
          style=""
        >
          <smart-image>
            <wx-view
              class="custom-class smart-image"
              style="width:100px;height:100px"
              bind:tap="onClick"
            >
              <wx-image
                class="image-class smart-image__img"
                lazyLoad="{{false}}"
                mode="scaleToFill"
                showMenuByLongpress="{{false}}"
                src="https://images.tuyacn.com/rms-static/f350c8a0-0eb2-11ef-8f06-49ae7b2fadcf-1715334722090.jpeg?tyName=cat.jpeg"
                style="visibility:;"
                webp="{{false}}"
                bind:error="onError"
                bind:load="onLoad"
              />
            </wx-view>
          </smart-image>
        </wx-view>
      </smart-row>
    </wx-view>
  </demo-block>
  <demo-block>
    <wx-view
      class="custom-class demo-block smart-clearfix demo-block--padding"
    >
      <smart-row>
        <wx-view
          class="smart-row custom-class"
          style="margin-right:-10px;margin-left:-10px"
        >
          <smart-col>
            <wx-view
              class="custom-class smart-col smart-col--8 "
              style="padding-right:10px;padding-left:10px"
            >
              <smart-image>
                <wx-view
                  class="custom-class smart-image"
                  style="width:100%;height:27vw"
                  bind:tap="onClick"
                >
                  <wx-image
                    class="image-class smart-image__img"
                    lazyLoad="{{false}}"
                    mode="aspectFit"
                    showMenuByLongpress="{{false}}"
                    src="https://images.tuyacn.com/rms-static/f350c8a0-0eb2-11ef-8f06-49ae7b2fadcf-1715334722090.jpeg?tyName=cat.jpeg"
                    style="visibility:;"
                    webp="{{false}}"
                    bind:error="onError"
                    bind:load="onLoad"
                  />
                </wx-view>
              </smart-image>
              <wx-view
                class="text"
              >
                contain
              </wx-view>
            </wx-view>
          </smart-col>
          <smart-col>
            <wx-view
              class="custom-class smart-col smart-col--8 "
              style="padding-right:10px;padding-left:10px"
            >
              <smart-image>
                <wx-view
                  class="custom-class smart-image"
                  style="width:100%;height:27vw"
                  bind:tap="onClick"
                >
                  <wx-image
                    class="image-class smart-image__img"
                    lazyLoad="{{false}}"
                    mode="aspectFill"
                    showMenuByLongpress="{{false}}"
                    src="https://images.tuyacn.com/rms-static/f350c8a0-0eb2-11ef-8f06-49ae7b2fadcf-1715334722090.jpeg?tyName=cat.jpeg"
                    style="visibility:;"
                    webp="{{false}}"
                    bind:error="onError"
                    bind:load="onLoad"
                  />
                </wx-view>
              </smart-image>
              <wx-view
                class="text"
              >
                cover
              </wx-view>
            </wx-view>
          </smart-col>
          <smart-col>
            <wx-view
              class="custom-class smart-col smart-col--8 "
              style="padding-right:10px;padding-left:10px"
            >
              <smart-image>
                <wx-view
                  class="custom-class smart-image"
                  style="width:100%;height:27vw"
                  bind:tap="onClick"
                >
                  <wx-image
                    class="image-class smart-image__img"
                    lazyLoad="{{false}}"
                    mode="scaleToFill"
                    showMenuByLongpress="{{false}}"
                    src="https://images.tuyacn.com/rms-static/f350c8a0-0eb2-11ef-8f06-49ae7b2fadcf-1715334722090.jpeg?tyName=cat.jpeg"
                    style="visibility:;"
                    webp="{{false}}"
                    bind:error="onError"
                    bind:load="onLoad"
                  />
                </wx-view>
              </smart-image>
              <wx-view
                class="text"
              >
                fill
              </wx-view>
            </wx-view>
          </smart-col>
          <smart-col>
            <wx-view
              class="custom-class smart-col smart-col--8 "
              style="padding-right:10px;padding-left:10px"
            >
              <smart-image>
                <wx-view
                  class="custom-class smart-image"
                  style="width:100%;height:27vw"
                  bind:tap="onClick"
                >
                  <wx-image
                    class="image-class smart-image__img"
                    lazyLoad="{{false}}"
                    mode="center"
                    showMenuByLongpress="{{false}}"
                    src="https://images.tuyacn.com/rms-static/f350c8a0-0eb2-11ef-8f06-49ae7b2fadcf-1715334722090.jpeg?tyName=cat.jpeg"
                    style="visibility:;"
                    webp="{{false}}"
                    bind:error="onError"
                    bind:load="onLoad"
                  />
                </wx-view>
              </smart-image>
              <wx-view
                class="text"
              >
                none
              </wx-view>
            </wx-view>
          </smart-col>
          <smart-col>
            <wx-view
              class="custom-class smart-col smart-col--8 "
              style="padding-right:10px;padding-left:10px"
            >
              <smart-image>
                <wx-view
                  class="custom-class smart-image"
                  style="width:100%;height:27vw"
                  bind:tap="onClick"
                >
                  <wx-image
                    class="image-class smart-image__img"
                    lazyLoad="{{false}}"
                    mode=""
                    showMenuByLongpress="{{false}}"
                    src="https://images.tuyacn.com/rms-static/f350c8a0-0eb2-11ef-8f06-49ae7b2fadcf-1715334722090.jpeg?tyName=cat.jpeg"
                    style="visibility:;"
                    webp="{{false}}"
                    bind:error="onError"
                    bind:load="onLoad"
                  />
                </wx-view>
              </smart-image>
              <wx-view
                class="text"
              >
                scale-down
              </wx-view>
            </wx-view>
          </smart-col>
          <smart-col>
            <wx-view
              class="custom-class smart-col smart-col--8 "
              style="padding-right:10px;padding-left:10px"
            >
              <smart-image>
                <wx-view
                  class="custom-class smart-image"
                  style="width:100%;height:27vw"
                  bind:tap="onClick"
                >
                  <wx-image
                    class="image-class smart-image__img"
                    lazyLoad="{{false}}"
                    mode="widthFix"
                    showMenuByLongpress="{{false}}"
                    src="https://images.tuyacn.com/rms-static/f350c8a0-0eb2-11ef-8f06-49ae7b2fadcf-1715334722090.jpeg?tyName=cat.jpeg"
                    style="visibility:;"
                    webp="{{false}}"
                    bind:error="onError"
                    bind:load="onLoad"
                  />
                </wx-view>
              </smart-image>
              <wx-view
                class="text"
              >
                widthFix
              </wx-view>
            </wx-view>
          </smart-col>
          <smart-col>
            <wx-view
              class="custom-class smart-col smart-col--8 "
              style="padding-right:10px;padding-left:10px"
            >
              <smart-image>
                <wx-view
                  class="custom-class smart-image"
                  style="width:100%;height:27vw"
                  bind:tap="onClick"
                >
                  <wx-image
                    class="image-class smart-image__img"
                    lazyLoad="{{false}}"
                    mode="heightFix"
                    showMenuByLongpress="{{false}}"
                    src="https://images.tuyacn.com/rms-static/f350c8a0-0eb2-11ef-8f06-49ae7b2fadcf-1715334722090.jpeg?tyName=cat.jpeg"
                    style="visibility:;"
                    webp="{{false}}"
                    bind:error="onError"
                    bind:load="onLoad"
                  />
                </wx-view>
              </smart-image>
              <wx-view
                class="text"
              >
                heightFix
              </wx-view>
            </wx-view>
          </smart-col>
        </wx-view>
      </smart-row>
    </wx-view>
  </demo-block>
  <demo-block>
    <wx-view
      class="custom-class demo-block smart-clearfix demo-block--padding"
    >
      <smart-row>
        <wx-view
          class="smart-row custom-class"
          style="margin-right:-10px;margin-left:-10px"
        >
          <smart-col>
            <wx-view
              class="custom-class smart-col smart-col--8 "
              style="padding-right:10px;padding-left:10px"
            >
              <smart-image>
                <wx-view
                  class="custom-class smart-image smart-image--round"
                  style="width:100%;height:27vw"
                  bind:tap="onClick"
                >
                  <wx-image
                    class="image-class smart-image__img"
                    lazyLoad="{{false}}"
                    mode="aspectFit"
                    showMenuByLongpress="{{false}}"
                    src="https://images.tuyacn.com/rms-static/f350c8a0-0eb2-11ef-8f06-49ae7b2fadcf-1715334722090.jpeg?tyName=cat.jpeg"
                    style="visibility:;"
                    webp="{{false}}"
                    bind:error="onError"
                    bind:load="onLoad"
                  />
                </wx-view>
              </smart-image>
              <wx-view
                class="text"
              >
                contain
              </wx-view>
            </wx-view>
          </smart-col>
          <smart-col>
            <wx-view
              class="custom-class smart-col smart-col--8 "
              style="padding-right:10px;padding-left:10px"
            >
              <smart-image>
                <wx-view
                  class="custom-class smart-image smart-image--round"
                  style="width:100%;height:27vw"
                  bind:tap="onClick"
                >
                  <wx-image
                    class="image-class smart-image__img"
                    lazyLoad="{{false}}"
                    mode="aspectFill"
                    showMenuByLongpress="{{false}}"
                    src="https://images.tuyacn.com/rms-static/f350c8a0-0eb2-11ef-8f06-49ae7b2fadcf-1715334722090.jpeg?tyName=cat.jpeg"
                    style="visibility:;"
                    webp="{{false}}"
                    bind:error="onError"
                    bind:load="onLoad"
                  />
                </wx-view>
              </smart-image>
              <wx-view
                class="text"
              >
                cover
              </wx-view>
            </wx-view>
          </smart-col>
          <smart-col>
            <wx-view
              class="custom-class smart-col smart-col--8 "
              style="padding-right:10px;padding-left:10px"
            >
              <smart-image>
                <wx-view
                  class="custom-class smart-image smart-image--round"
                  style="width:100%;height:27vw"
                  bind:tap="onClick"
                >
                  <wx-image
                    class="image-class smart-image__img"
                    lazyLoad="{{false}}"
                    mode="scaleToFill"
                    showMenuByLongpress="{{false}}"
                    src="https://images.tuyacn.com/rms-static/f350c8a0-0eb2-11ef-8f06-49ae7b2fadcf-1715334722090.jpeg?tyName=cat.jpeg"
                    style="visibility:;"
                    webp="{{false}}"
                    bind:error="onError"
                    bind:load="onLoad"
                  />
                </wx-view>
              </smart-image>
              <wx-view
                class="text"
              >
                fill
              </wx-view>
            </wx-view>
          </smart-col>
          <smart-col>
            <wx-view
              class="custom-class smart-col smart-col--8 "
              style="padding-right:10px;padding-left:10px"
            >
              <smart-image>
                <wx-view
                  class="custom-class smart-image smart-image--round"
                  style="width:100%;height:27vw"
                  bind:tap="onClick"
                >
                  <wx-image
                    class="image-class smart-image__img"
                    lazyLoad="{{false}}"
                    mode="center"
                    showMenuByLongpress="{{false}}"
                    src="https://images.tuyacn.com/rms-static/f350c8a0-0eb2-11ef-8f06-49ae7b2fadcf-1715334722090.jpeg?tyName=cat.jpeg"
                    style="visibility:;"
                    webp="{{false}}"
                    bind:error="onError"
                    bind:load="onLoad"
                  />
                </wx-view>
              </smart-image>
              <wx-view
                class="text"
              >
                none
              </wx-view>
            </wx-view>
          </smart-col>
          <smart-col>
            <wx-view
              class="custom-class smart-col smart-col--8 "
              style="padding-right:10px;padding-left:10px"
            >
              <smart-image>
                <wx-view
                  class="custom-class smart-image smart-image--round"
                  style="width:100%;height:27vw"
                  bind:tap="onClick"
                >
                  <wx-image
                    class="image-class smart-image__img"
                    lazyLoad="{{false}}"
                    mode=""
                    showMenuByLongpress="{{false}}"
                    src="https://images.tuyacn.com/rms-static/f350c8a0-0eb2-11ef-8f06-49ae7b2fadcf-1715334722090.jpeg?tyName=cat.jpeg"
                    style="visibility:;"
                    webp="{{false}}"
                    bind:error="onError"
                    bind:load="onLoad"
                  />
                </wx-view>
              </smart-image>
              <wx-view
                class="text"
              >
                scale-down
              </wx-view>
            </wx-view>
          </smart-col>
          <smart-col>
            <wx-view
              class="custom-class smart-col smart-col--8 "
              style="padding-right:10px;padding-left:10px"
            >
              <smart-image>
                <wx-view
                  class="custom-class smart-image smart-image--round"
                  style="width:100%;height:27vw"
                  bind:tap="onClick"
                >
                  <wx-image
                    class="image-class smart-image__img"
                    lazyLoad="{{false}}"
                    mode="widthFix"
                    showMenuByLongpress="{{false}}"
                    src="https://images.tuyacn.com/rms-static/f350c8a0-0eb2-11ef-8f06-49ae7b2fadcf-1715334722090.jpeg?tyName=cat.jpeg"
                    style="visibility:;"
                    webp="{{false}}"
                    bind:error="onError"
                    bind:load="onLoad"
                  />
                </wx-view>
              </smart-image>
              <wx-view
                class="text"
              >
                widthFix
              </wx-view>
            </wx-view>
          </smart-col>
          <smart-col>
            <wx-view
              class="custom-class smart-col smart-col--8 "
              style="padding-right:10px;padding-left:10px"
            >
              <smart-image>
                <wx-view
                  class="custom-class smart-image smart-image--round"
                  style="width:100%;height:27vw"
                  bind:tap="onClick"
                >
                  <wx-image
                    class="image-class smart-image__img"
                    lazyLoad="{{false}}"
                    mode="heightFix"
                    showMenuByLongpress="{{false}}"
                    src="https://images.tuyacn.com/rms-static/f350c8a0-0eb2-11ef-8f06-49ae7b2fadcf-1715334722090.jpeg?tyName=cat.jpeg"
                    style="visibility:;"
                    webp="{{false}}"
                    bind:error="onError"
                    bind:load="onLoad"
                  />
                </wx-view>
              </smart-image>
              <wx-view
                class="text"
              >
                heightFix
              </wx-view>
            </wx-view>
          </smart-col>
        </wx-view>
      </smart-row>
    </wx-view>
  </demo-block>
  <demo-block>
    <wx-view
      class="custom-class demo-block smart-clearfix demo-block--padding"
    >
      <smart-row>
        <wx-view
          class="smart-row custom-class"
          style="margin-right:-10px;margin-left:-10px"
        >
          <smart-col>
            <wx-view
              class="custom-class smart-col smart-col--8 "
              style="padding-right:10px;padding-left:10px"
            >
              <smart-image>
                <wx-view
                  class="custom-class smart-image"
                  style="width:100%;height:27vw"
                  bind:tap="onClick"
                >
                  <wx-image
                    class="image-class smart-image__img"
                    lazyLoad="{{false}}"
                    mode="scaleToFill"
                    showMenuByLongpress="{{false}}"
                    src=""
                    style="visibility:;"
                    webp="{{false}}"
                    bind:error="onError"
                    bind:load="onLoad"
                  />
                </wx-view>
              </smart-image>
              <wx-view
                class="text"
              >
                
              </wx-view>
            </wx-view>
          </smart-col>
          <smart-col>
            <wx-view
              class="custom-class smart-col smart-col--8 "
              style="padding-right:10px;padding-left:10px"
            >
              <smart-image>
                <wx-view
                  class="custom-class smart-image"
                  style="width:100%;height:27vw"
                  bind:tap="onClick"
                >
                  <wx-image
                    class="image-class smart-image__img"
                    lazyLoad="{{false}}"
                    mode="scaleToFill"
                    showMenuByLongpress="{{false}}"
                    src=""
                    style="visibility:;"
                    webp="{{false}}"
                    bind:error="onError"
                    bind:load="onLoad"
                  />
                </wx-view>
              </smart-image>
              <wx-view
                class="text"
              >
                
              </wx-view>
            </wx-view>
          </smart-col>
        </wx-view>
      </smart-row>
    </wx-view>
  </demo-block>
  <demo-block>
    <wx-view
      class="custom-class demo-block smart-clearfix demo-block--padding"
    >
      <smart-row>
        <wx-view
          class="smart-row custom-class"
          style="margin-right:-10px;margin-left:-10px"
        >
          <smart-col>
            <wx-view
              class="custom-class smart-col smart-col--8 "
              style="padding-right:10px;padding-left:10px"
            >
              <smart-image>
                <wx-view
                  class="custom-class smart-image"
                  style="width:100%;height:27vw"
                  bind:tap="onClick"
                >
                  <wx-image
                    class="image-class smart-image__img"
                    lazyLoad="{{false}}"
                    mode="scaleToFill"
                    showMenuByLongpress="{{false}}"
                    src="x"
                    style="visibility:;"
                    webp="{{false}}"
                    bind:error="onError"
                    bind:load="onLoad"
                  />
                </wx-view>
              </smart-image>
              <wx-view
                class="text"
              >
                
              </wx-view>
            </wx-view>
          </smart-col>
          <smart-col>
            <wx-view
              class="custom-class smart-col smart-col--8 "
              style="padding-right:10px;padding-left:10px"
            >
              <smart-image>
                <wx-view
                  class="custom-class smart-image"
                  style="width:100%;height:27vw"
                  bind:tap="onClick"
                >
                  <wx-image
                    class="image-class smart-image__img"
                    lazyLoad="{{false}}"
                    mode="scaleToFill"
                    showMenuByLongpress="{{false}}"
                    src="x"
                    style="visibility:;"
                    webp="{{false}}"
                    bind:error="onError"
                    bind:load="onLoad"
                  />
                </wx-view>
              </smart-image>
              <wx-view
                class="text"
              >
                
              </wx-view>
            </wx-view>
          </smart-col>
        </wx-view>
      </smart-row>
    </wx-view>
  </demo-block>
  <demo-block>
    <wx-view
      class="custom-class demo-block smart-clearfix demo-block--padding"
    >
      <smart-row>
        <wx-view
          class="smart-row custom-class"
          style=""
        >
          <smart-image>
            <wx-view
              class="custom-class smart-image"
              style="width:100px;height:100px"
              bind:tap="onClick"
            >
              <wx-image
                class="image-class smart-image__img"
                lazyLoad="{{false}}"
                mode="scaleToFill"
                showMenuByLongpress="{{false}}"
                src="https://images.tuyacn.com/rms-static/e6c9e630-00b4-11f0-9ab9-bf07ac3388bc-1741943741459.png?tyName=a.png"
                style="visibility:hidden;"
                webp="{{false}}"
                bind:error="onError"
                bind:load="onLoad"
              />
              <wx-view
                class="image-class smart-image__img smart-image__tint-color"
                style="-webkit-mask-image: url(https://images.tuyacn.com/rms-static/e6c9e630-00b4-11f0-9ab9-bf07ac3388bc-1741943741459.png?tyName=a.png);background: rgba(255, 255, 25, 0.4);"
              />
            </wx-view>
          </smart-image>
        </wx-view>
      </smart-row>
    </wx-view>
  </demo-block>
</main>
`;
