// Jest Snapshot v1, https://goo.gl/fbAQLP

exports[`should render demo and match snapshot 1`] = `
<main>
  <demo-block
    class="cascader-demo"
  >
    <wx-view
      class="custom-class demo-block smart-clearfix "
    >
      <smart-field
        data-state-key="baseState"
        bind:tap="onClick"
      >
        <smart-cell
          center="{{false}}"
          customClass="custom-class smart-field"
          size=""
        >
          <wx-view
            class="custom-class smart-cell smart-cell--borderless smart-cell--clickable"
            hoverClass="smart-cell--hover hover-class"
            hoverStayTime="70"
            style=""
            bind:tap="onClick"
          >
            <wx-view
              class="smart-cell__title title-class"
              style="max-width:6.2em;min-width:6.2em"
            />
            <wx-view
              class="smart-cell__value value-class"
            >
              <wx-view
                class="smart-field__left__body"
              >
                <wx-view
                  class="smart-field__left__icon"
                />
                <wx-view
                  class="smart-field__label"
                />
              </wx-view>
              <wx-view
                class="smart-field__body__box"
              >
                <wx-view
                  class="smart-field__body smart-field__body--text"
                >
                  <wx-view
                    class="smart-field__control smart-field__control--custom"
                    bind:tap="onClickInput"
                  />
                  <wx-input
                    adjustPosition="{{true}}"
                    alwaysEmbed="{{false}}"
                    autoFocus="{{false}}"
                    class="smart-field__control smart-field__control--text smart-field__control--readonly input-class"
                    confirmHold="{{false}}"
                    confirmType=""
                    cursor="{{-1}}"
                    cursorSpacing="{{50}}"
                    disabled="{{false}}"
                    focus="{{false}}"
                    holdKeyboard="{{false}}"
                    id=""
                    maxlength="{{-1}}"
                    password="{{false}}"
                    placeholder="pleaseSelectARegion"
                    placeholderStyle="color: var(--field-placeholder-text-color, var(--app-B6-N4, rgba(0, 0, 0, 0.4)));"
                    selectionEnd="{{-1}}"
                    selectionStart="{{-1}}"
                    type="text"
                    value=""
                    bind:blur="onBlur"
                    bind:confirm="onConfirm"
                    bind:focus="onFocus"
                    bind:input="onInput"
                    bind:keyboardheightchange="onKeyboardHeightChange"
                    bind:nicknamereview="onBindNicknameReview"
                    bind:tap="onClickInput"
                  />
                  <wx-view
                    class="smart-field__icon-container"
                    bind:tap="onClickIcon"
                  />
                  <wx-view
                    class="smart-field__button"
                  />
                </wx-view>
              </wx-view>
            </wx-view>
            <smart-icon
              class="smart-cell__right-icon-wrap right-icon-class"
              customClass="smart-cell__right-icon"
            >
              <wx-view
                class="custom-class smart-icon smart-icon--image smart-icon--svg"
                style=""
                bind:tap="onClick"
              >
                <wx-view
                  class="smart-icon__svg"
                  style="-webkit-mask-image:url(data:image/svg+xml,%3C%3Fxml%20version%3D%221.0%22%20standalone%3D%22no%22%3F%3E%3C!DOCTYPE%20svg%20PUBLIC%20%22-%2F%2FW3C%2F%2FDTD%20SVG%201.1%2F%2FEN%22%20%22http%3A%2F%2Fwww.w3.org%2FGraphics%2FSVG%2F1.1%2FDTD%2Fsvg11.dtd%22%3E%3Csvg%20t%3D%221758008222411%22%20class%3D%22icon%22%20viewBox%3D%220%200%201024%201024%22%20version%3D%221.1%22%20xmlns%3D%22http%3A%2F%2Fwww.w3.org%2F2000%2Fsvg%22%20p-id%3D%225628%22%20xmlns%3Axlink%3D%22http%3A%2F%2Fwww.w3.org%2F1999%2Fxlink%22%20width%3D%22200%22%20height%3D%22200%22%3E%3Cpath%20d%3D%22M353.834667%20225.834667a42.666667%2042.666667%200%200%201%2056.32-3.541334l4.010666%203.541334%20256%20256a42.666667%2042.666667%200%200%201%203.541334%2056.32l-3.541334%204.010666-256%20256a42.666667%2042.666667%200%200%201-63.872-56.32l3.541334-4.010666L579.626667%20512%20353.834667%20286.165333a42.666667%2042.666667%200%200%201-3.541334-56.32l3.541334-4.010666z%22%20p-id%3D%225629%22%2F%3E%3C%2Fsvg%3E);-webkit-mask-size:contain;-webkit-mask-repeat:no-repeat;-webkit-mask-position:center;mask-image:url(data:image/svg+xml,%3C%3Fxml%20version%3D%221.0%22%20standalone%3D%22no%22%3F%3E%3C!DOCTYPE%20svg%20PUBLIC%20%22-%2F%2FW3C%2F%2FDTD%20SVG%201.1%2F%2FEN%22%20%22http%3A%2F%2Fwww.w3.org%2FGraphics%2FSVG%2F1.1%2FDTD%2Fsvg11.dtd%22%3E%3Csvg%20t%3D%221758008222411%22%20class%3D%22icon%22%20viewBox%3D%220%200%201024%201024%22%20version%3D%221.1%22%20xmlns%3D%22http%3A%2F%2Fwww.w3.org%2F2000%2Fsvg%22%20p-id%3D%225628%22%20xmlns%3Axlink%3D%22http%3A%2F%2Fwww.w3.org%2F1999%2Fxlink%22%20width%3D%22200%22%20height%3D%22200%22%3E%3Cpath%20d%3D%22M353.834667%20225.834667a42.666667%2042.666667%200%200%201%2056.32-3.541334l4.010666%203.541334%20256%20256a42.666667%2042.666667%200%200%201%203.541334%2056.32l-3.541334%204.010666-256%20256a42.666667%2042.666667%200%200%201-63.872-56.32l3.541334-4.010666L579.626667%20512%20353.834667%20286.165333a42.666667%2042.666667%200%200%201-3.541334-56.32l3.541334-4.010666z%22%20p-id%3D%225629%22%2F%3E%3C%2Fsvg%3E);mask-size:contain"
                />
              </wx-view>
            </smart-icon>
          </wx-view>
        </smart-cell>
      </smart-field>
      <smart-bottom-sheet>
        <smart-popup
          customClass="smart-bottom-sheet custom-class"
          id="smart-ui-bottom-sheet_6438_83"
          bind:after-enter="onAfterEnter"
          bind:after-leave="onAfterLeave"
          bind:before-enter="onBeforeEnter"
          bind:before-leave="onBeforeLeave"
          bind:close="onClickOverlay"
          bind:enter="onEnter"
          bind:leave="onLeave"
        >
          <smart-overlay
            bind:click="onClickOverlay"
          >
            <smart-transition
              customClass="smart-overlay custom-class"
              bind:tap="onClick"
              catch:touchmove="noop"
            />
          </smart-overlay>
        </smart-popup>
      </smart-bottom-sheet>
    </wx-view>
  </demo-block>
  <demo-block
    class="cascader-demo"
  >
    <wx-view
      class="custom-class demo-block smart-clearfix "
    >
      <smart-field
        data-state-key="customColorState"
        bind:tap="onClick"
      >
        <smart-cell
          center="{{false}}"
          customClass="custom-class smart-field"
          size=""
        >
          <wx-view
            class="custom-class smart-cell smart-cell--borderless smart-cell--clickable"
            hoverClass="smart-cell--hover hover-class"
            hoverStayTime="70"
            style=""
            bind:tap="onClick"
          >
            <wx-view
              class="smart-cell__title title-class"
              style="max-width:6.2em;min-width:6.2em"
            />
            <wx-view
              class="smart-cell__value value-class"
            >
              <wx-view
                class="smart-field__left__body"
              >
                <wx-view
                  class="smart-field__left__icon"
                />
                <wx-view
                  class="smart-field__label"
                />
              </wx-view>
              <wx-view
                class="smart-field__body__box"
              >
                <wx-view
                  class="smart-field__body smart-field__body--text"
                >
                  <wx-view
                    class="smart-field__control smart-field__control--custom"
                    bind:tap="onClickInput"
                  />
                  <wx-input
                    adjustPosition="{{true}}"
                    alwaysEmbed="{{false}}"
                    autoFocus="{{false}}"
                    class="smart-field__control smart-field__control--text smart-field__control--readonly input-class"
                    confirmHold="{{false}}"
                    confirmType=""
                    cursor="{{-1}}"
                    cursorSpacing="{{50}}"
                    disabled="{{false}}"
                    focus="{{false}}"
                    holdKeyboard="{{false}}"
                    id=""
                    maxlength="{{-1}}"
                    password="{{false}}"
                    placeholder="pleaseSelectARegion"
                    placeholderStyle="color: var(--field-placeholder-text-color, var(--app-B6-N4, rgba(0, 0, 0, 0.4)));"
                    selectionEnd="{{-1}}"
                    selectionStart="{{-1}}"
                    type="text"
                    value=""
                    bind:blur="onBlur"
                    bind:confirm="onConfirm"
                    bind:focus="onFocus"
                    bind:input="onInput"
                    bind:keyboardheightchange="onKeyboardHeightChange"
                    bind:nicknamereview="onBindNicknameReview"
                    bind:tap="onClickInput"
                  />
                  <wx-view
                    class="smart-field__icon-container"
                    bind:tap="onClickIcon"
                  />
                  <wx-view
                    class="smart-field__button"
                  />
                </wx-view>
              </wx-view>
            </wx-view>
            <smart-icon
              class="smart-cell__right-icon-wrap right-icon-class"
              customClass="smart-cell__right-icon"
            >
              <wx-view
                class="custom-class smart-icon smart-icon--image smart-icon--svg"
                style=""
                bind:tap="onClick"
              >
                <wx-view
                  class="smart-icon__svg"
                  style="-webkit-mask-image:url(data:image/svg+xml,%3C%3Fxml%20version%3D%221.0%22%20standalone%3D%22no%22%3F%3E%3C!DOCTYPE%20svg%20PUBLIC%20%22-%2F%2FW3C%2F%2FDTD%20SVG%201.1%2F%2FEN%22%20%22http%3A%2F%2Fwww.w3.org%2FGraphics%2FSVG%2F1.1%2FDTD%2Fsvg11.dtd%22%3E%3Csvg%20t%3D%221758008222411%22%20class%3D%22icon%22%20viewBox%3D%220%200%201024%201024%22%20version%3D%221.1%22%20xmlns%3D%22http%3A%2F%2Fwww.w3.org%2F2000%2Fsvg%22%20p-id%3D%225628%22%20xmlns%3Axlink%3D%22http%3A%2F%2Fwww.w3.org%2F1999%2Fxlink%22%20width%3D%22200%22%20height%3D%22200%22%3E%3Cpath%20d%3D%22M353.834667%20225.834667a42.666667%2042.666667%200%200%201%2056.32-3.541334l4.010666%203.541334%20256%20256a42.666667%2042.666667%200%200%201%203.541334%2056.32l-3.541334%204.010666-256%20256a42.666667%2042.666667%200%200%201-63.872-56.32l3.541334-4.010666L579.626667%20512%20353.834667%20286.165333a42.666667%2042.666667%200%200%201-3.541334-56.32l3.541334-4.010666z%22%20p-id%3D%225629%22%2F%3E%3C%2Fsvg%3E);-webkit-mask-size:contain;-webkit-mask-repeat:no-repeat;-webkit-mask-position:center;mask-image:url(data:image/svg+xml,%3C%3Fxml%20version%3D%221.0%22%20standalone%3D%22no%22%3F%3E%3C!DOCTYPE%20svg%20PUBLIC%20%22-%2F%2FW3C%2F%2FDTD%20SVG%201.1%2F%2FEN%22%20%22http%3A%2F%2Fwww.w3.org%2FGraphics%2FSVG%2F1.1%2FDTD%2Fsvg11.dtd%22%3E%3Csvg%20t%3D%221758008222411%22%20class%3D%22icon%22%20viewBox%3D%220%200%201024%201024%22%20version%3D%221.1%22%20xmlns%3D%22http%3A%2F%2Fwww.w3.org%2F2000%2Fsvg%22%20p-id%3D%225628%22%20xmlns%3Axlink%3D%22http%3A%2F%2Fwww.w3.org%2F1999%2Fxlink%22%20width%3D%22200%22%20height%3D%22200%22%3E%3Cpath%20d%3D%22M353.834667%20225.834667a42.666667%2042.666667%200%200%201%2056.32-3.541334l4.010666%203.541334%20256%20256a42.666667%2042.666667%200%200%201%203.541334%2056.32l-3.541334%204.010666-256%20256a42.666667%2042.666667%200%200%201-63.872-56.32l3.541334-4.010666L579.626667%20512%20353.834667%20286.165333a42.666667%2042.666667%200%200%201-3.541334-56.32l3.541334-4.010666z%22%20p-id%3D%225629%22%2F%3E%3C%2Fsvg%3E);mask-size:contain"
                />
              </wx-view>
            </smart-icon>
          </wx-view>
        </smart-cell>
      </smart-field>
      <smart-bottom-sheet>
        <smart-popup
          customClass="smart-bottom-sheet custom-class"
          id="smart-ui-bottom-sheet_6440_45"
          bind:after-enter="onAfterEnter"
          bind:after-leave="onAfterLeave"
          bind:before-enter="onBeforeEnter"
          bind:before-leave="onBeforeLeave"
          bind:close="onClickOverlay"
          bind:enter="onEnter"
          bind:leave="onLeave"
        >
          <smart-overlay
            bind:click="onClickOverlay"
          >
            <smart-transition
              customClass="smart-overlay custom-class"
              bind:tap="onClick"
              catch:touchmove="noop"
            />
          </smart-overlay>
        </smart-popup>
      </smart-bottom-sheet>
    </wx-view>
  </demo-block>
  <demo-block
    class="cascader-demo"
  >
    <wx-view
      class="custom-class demo-block smart-clearfix "
    >
      <smart-field
        data-state-key="asyncState"
        bind:tap="onClick"
      >
        <smart-cell
          center="{{false}}"
          customClass="custom-class smart-field"
          size=""
        >
          <wx-view
            class="custom-class smart-cell smart-cell--borderless smart-cell--clickable"
            hoverClass="smart-cell--hover hover-class"
            hoverStayTime="70"
            style=""
            bind:tap="onClick"
          >
            <wx-view
              class="smart-cell__title title-class"
              style="max-width:6.2em;min-width:6.2em"
            />
            <wx-view
              class="smart-cell__value value-class"
            >
              <wx-view
                class="smart-field__left__body"
              >
                <wx-view
                  class="smart-field__left__icon"
                />
                <wx-view
                  class="smart-field__label"
                />
              </wx-view>
              <wx-view
                class="smart-field__body__box"
              >
                <wx-view
                  class="smart-field__body smart-field__body--text"
                >
                  <wx-view
                    class="smart-field__control smart-field__control--custom"
                    bind:tap="onClickInput"
                  />
                  <wx-input
                    adjustPosition="{{true}}"
                    alwaysEmbed="{{false}}"
                    autoFocus="{{false}}"
                    class="smart-field__control smart-field__control--text smart-field__control--readonly input-class"
                    confirmHold="{{false}}"
                    confirmType=""
                    cursor="{{-1}}"
                    cursorSpacing="{{50}}"
                    disabled="{{false}}"
                    focus="{{false}}"
                    holdKeyboard="{{false}}"
                    id=""
                    maxlength="{{-1}}"
                    password="{{false}}"
                    placeholder="pleaseSelectARegion"
                    placeholderStyle="color: var(--field-placeholder-text-color, var(--app-B6-N4, rgba(0, 0, 0, 0.4)));"
                    selectionEnd="{{-1}}"
                    selectionStart="{{-1}}"
                    type="text"
                    value=""
                    bind:blur="onBlur"
                    bind:confirm="onConfirm"
                    bind:focus="onFocus"
                    bind:input="onInput"
                    bind:keyboardheightchange="onKeyboardHeightChange"
                    bind:nicknamereview="onBindNicknameReview"
                    bind:tap="onClickInput"
                  />
                  <wx-view
                    class="smart-field__icon-container"
                    bind:tap="onClickIcon"
                  />
                  <wx-view
                    class="smart-field__button"
                  />
                </wx-view>
              </wx-view>
            </wx-view>
            <smart-icon
              class="smart-cell__right-icon-wrap right-icon-class"
              customClass="smart-cell__right-icon"
            >
              <wx-view
                class="custom-class smart-icon smart-icon--image smart-icon--svg"
                style=""
                bind:tap="onClick"
              >
                <wx-view
                  class="smart-icon__svg"
                  style="-webkit-mask-image:url(data:image/svg+xml,%3C%3Fxml%20version%3D%221.0%22%20standalone%3D%22no%22%3F%3E%3C!DOCTYPE%20svg%20PUBLIC%20%22-%2F%2FW3C%2F%2FDTD%20SVG%201.1%2F%2FEN%22%20%22http%3A%2F%2Fwww.w3.org%2FGraphics%2FSVG%2F1.1%2FDTD%2Fsvg11.dtd%22%3E%3Csvg%20t%3D%221758008222411%22%20class%3D%22icon%22%20viewBox%3D%220%200%201024%201024%22%20version%3D%221.1%22%20xmlns%3D%22http%3A%2F%2Fwww.w3.org%2F2000%2Fsvg%22%20p-id%3D%225628%22%20xmlns%3Axlink%3D%22http%3A%2F%2Fwww.w3.org%2F1999%2Fxlink%22%20width%3D%22200%22%20height%3D%22200%22%3E%3Cpath%20d%3D%22M353.834667%20225.834667a42.666667%2042.666667%200%200%201%2056.32-3.541334l4.010666%203.541334%20256%20256a42.666667%2042.666667%200%200%201%203.541334%2056.32l-3.541334%204.010666-256%20256a42.666667%2042.666667%200%200%201-63.872-56.32l3.541334-4.010666L579.626667%20512%20353.834667%20286.165333a42.666667%2042.666667%200%200%201-3.541334-56.32l3.541334-4.010666z%22%20p-id%3D%225629%22%2F%3E%3C%2Fsvg%3E);-webkit-mask-size:contain;-webkit-mask-repeat:no-repeat;-webkit-mask-position:center;mask-image:url(data:image/svg+xml,%3C%3Fxml%20version%3D%221.0%22%20standalone%3D%22no%22%3F%3E%3C!DOCTYPE%20svg%20PUBLIC%20%22-%2F%2FW3C%2F%2FDTD%20SVG%201.1%2F%2FEN%22%20%22http%3A%2F%2Fwww.w3.org%2FGraphics%2FSVG%2F1.1%2FDTD%2Fsvg11.dtd%22%3E%3Csvg%20t%3D%221758008222411%22%20class%3D%22icon%22%20viewBox%3D%220%200%201024%201024%22%20version%3D%221.1%22%20xmlns%3D%22http%3A%2F%2Fwww.w3.org%2F2000%2Fsvg%22%20p-id%3D%225628%22%20xmlns%3Axlink%3D%22http%3A%2F%2Fwww.w3.org%2F1999%2Fxlink%22%20width%3D%22200%22%20height%3D%22200%22%3E%3Cpath%20d%3D%22M353.834667%20225.834667a42.666667%2042.666667%200%200%201%2056.32-3.541334l4.010666%203.541334%20256%20256a42.666667%2042.666667%200%200%201%203.541334%2056.32l-3.541334%204.010666-256%20256a42.666667%2042.666667%200%200%201-63.872-56.32l3.541334-4.010666L579.626667%20512%20353.834667%20286.165333a42.666667%2042.666667%200%200%201-3.541334-56.32l3.541334-4.010666z%22%20p-id%3D%225629%22%2F%3E%3C%2Fsvg%3E);mask-size:contain"
                />
              </wx-view>
            </smart-icon>
          </wx-view>
        </smart-cell>
      </smart-field>
      <smart-bottom-sheet>
        <smart-popup
          customClass="smart-bottom-sheet custom-class"
          id="smart-ui-bottom-sheet_6441_98"
          bind:after-enter="onAfterEnter"
          bind:after-leave="onAfterLeave"
          bind:before-enter="onBeforeEnter"
          bind:before-leave="onBeforeLeave"
          bind:close="onClickOverlay"
          bind:enter="onEnter"
          bind:leave="onLeave"
        >
          <smart-overlay
            bind:click="onClickOverlay"
          >
            <smart-transition
              customClass="smart-overlay custom-class"
              bind:tap="onClick"
              catch:touchmove="noop"
            />
          </smart-overlay>
        </smart-popup>
      </smart-bottom-sheet>
    </wx-view>
  </demo-block>
</main>
`;
