// Jest Snapshot v1, https://goo.gl/fbAQLP

exports[`should render demo and match snapshot 1`] = `
<main>
  <demo-block>
    <wx-view
      class="custom-class demo-block smart-clearfix "
    >
      <smart-swipe-cell
        bind:tabClose="onTabClose"
      >
        <wx-view
          catch:touchmove=""
        >
          <wx-view
            class="smart-swipe-cell custom-class"
            data-key="cell"
            catch:tap="onClick"
            bind:touchcancel="endDrag"
            bind:touchend="endDrag"
            bind:touchmove="onDrag"
            bind:touchstart="startDrag"
          >
            <wx-view
              style=""
            >
              <wx-view
                class="smart-swipe-cell__left"
                data-key="left"
                catch:tap="onClick"
              >
                <wx-view
                  class="smart-swipe-cell__left"
                  slot="left"
                >
                  
                </wx-view>
              </wx-view>
              <smart-cell-group>
                <wx-view
                  class="custom-class smart-cell-group "
                  style=""
                >
                  <smart-cell>
                    <wx-view
                      class="custom-class smart-cell"
                      hoverClass="smart-cell--hover hover-class"
                      hoverStayTime="70"
                      style=""
                      bind:tap="onClick"
                    >
                      <wx-view
                        class="smart-cell__title title-class"
                        style=""
                      />
                      <wx-view
                        class="smart-cell__value value-class"
                      />
                    </wx-view>
                  </smart-cell>
                </wx-view>
              </smart-cell-group>
              <wx-view
                class="smart-swipe-cell__right"
                data-key="right"
                catch:tap="onClick"
              >
                <wx-view
                  class="smart-swipe-cell__right"
                  slot="right"
                >
                  
                </wx-view>
              </wx-view>
            </wx-view>
          </wx-view>
        </wx-view>
      </smart-swipe-cell>
    </wx-view>
  </demo-block>
  <demo-block>
    <wx-view
      class="custom-class demo-block smart-clearfix "
    >
      <smart-swipe-cell
        id="swipe-cell"
        bind:close="onAsyncClose"
      >
        <wx-view
          catch:touchmove=""
        >
          <wx-view
            class="smart-swipe-cell custom-class"
            data-key="cell"
            catch:tap="onClick"
            bind:touchcancel="endDrag"
            bind:touchend="endDrag"
            bind:touchmove="onDrag"
            bind:touchstart="startDrag"
          >
            <wx-view
              style=""
            >
              <wx-view
                class="smart-swipe-cell__left"
                data-key="left"
                catch:tap="onClick"
              >
                <wx-view
                  class="smart-swipe-cell__left"
                  slot="left"
                >
                  
                </wx-view>
              </wx-view>
              <smart-cell-group>
                <wx-view
                  class="custom-class smart-cell-group "
                  style=""
                >
                  <smart-cell>
                    <wx-view
                      class="custom-class smart-cell"
                      hoverClass="smart-cell--hover hover-class"
                      hoverStayTime="70"
                      style=""
                      bind:tap="onClick"
                    >
                      <wx-view
                        class="smart-cell__title title-class"
                        style=""
                      />
                      <wx-view
                        class="smart-cell__value value-class"
                      />
                    </wx-view>
                  </smart-cell>
                </wx-view>
              </smart-cell-group>
              <wx-view
                class="smart-swipe-cell__right"
                data-key="right"
                catch:tap="onClick"
              >
                <wx-view
                  class="smart-swipe-cell__right"
                  slot="right"
                >
                  
                </wx-view>
              </wx-view>
            </wx-view>
          </wx-view>
        </wx-view>
      </smart-swipe-cell>
    </wx-view>
  </demo-block>
  <demo-block>
    <wx-view
      class="custom-class demo-block smart-clearfix "
    >
      <smart-swipe-cell
        id="swipe-cell2"
        bind:open="onOpen"
      >
        <wx-view
          catch:touchmove=""
        >
          <wx-view
            class="smart-swipe-cell custom-class"
            data-key="cell"
            catch:tap="onClick"
            bind:touchcancel="endDrag"
            bind:touchend="endDrag"
            bind:touchmove="onDrag"
            bind:touchstart="startDrag"
          >
            <wx-view
              style=""
            >
              <wx-view
                class="smart-swipe-cell__left"
                data-key="left"
                catch:tap="onClick"
              >
                <wx-view
                  class="smart-swipe-cell__left"
                  slot="left"
                >
                  
                </wx-view>
              </wx-view>
              <smart-cell-group>
                <wx-view
                  class="custom-class smart-cell-group "
                  style=""
                >
                  <smart-cell>
                    <wx-view
                      class="custom-class smart-cell"
                      hoverClass="smart-cell--hover hover-class"
                      hoverStayTime="70"
                      style=""
                      bind:tap="onClick"
                    >
                      <wx-view
                        class="smart-cell__title title-class"
                        style=""
                      />
                      <wx-view
                        class="smart-cell__value value-class"
                      />
                    </wx-view>
                  </smart-cell>
                </wx-view>
              </smart-cell-group>
              <wx-view
                class="smart-swipe-cell__right"
                data-key="right"
                catch:tap="onClick"
              >
                <wx-view
                  class="smart-swipe-cell__right"
                  slot="right"
                >
                  
                </wx-view>
              </wx-view>
            </wx-view>
          </wx-view>
        </wx-view>
      </smart-swipe-cell>
    </wx-view>
  </demo-block>
  <smart-dialog>
    <smart-popup
      customClass="smart-dialog smart-dialog--default  custom-class"
      bind:after-enter="onAfterEnter"
      bind:after-leave="onAfterLeave"
      bind:before-enter="onBeforeEnter"
      bind:before-leave="onBeforeLeave"
      bind:close="onClickOverlay"
      bind:enter="onEnter"
      bind:enter-error="onPopUpError"
      bind:leave="onLeave"
      bind:leave-error="onPopUpError"
    >
      <smart-overlay
        bind:click="onClickOverlay"
      >
        <smart-transition
          customClass="smart-overlay custom-class"
          bind:tap="onClick"
          catch:touchmove="noop"
        />
      </smart-overlay>
    </smart-popup>
  </smart-dialog>
  <smart-toast
    id="smart-toast-cell"
  >
    <smart-transition
      customClass="smart-toast__container smart-toast--middle"
    />
  </smart-toast>
</main>
`;
