// Jest Snapshot v1, https://goo.gl/fbAQLP

exports[`should render demo and match snapshot 1`] = `
<main>
  <demo-block>
    <wx-view
      class="custom-class demo-block smart-clearfix demo-block--padding"
    >
      <smart-switch
        bind:change="onChange"
      >
        <wx-view
          class="smart-switch smart-switch--on custom-class"
          style="font-size:30px"
          bind:tap="onClick"
        >
          <wx-view
            class="smart-switch__center"
          >
            <wx-view
              class="smart-switch__label"
            >
              <wx-view
                class="smart-switch__label_active"
              >
                
              </wx-view>
              <wx-view
                class="smart-switch__label_inactive"
              >
                
              </wx-view>
            </wx-view>
            <wx-view
              class="smart-switch__node node-class"
            />
          </wx-view>
        </wx-view>
      </smart-switch>
      <wx-view
        style="margin-left: 16px;display:inline;"
      >
        <smart-switch>
          <wx-view
            class="smart-switch custom-class"
            style="font-size:30px"
            bind:tap="onClick"
          >
            <wx-view
              class="smart-switch__center"
            >
              <wx-view
                class="smart-switch__label"
              >
                <wx-view
                  class="smart-switch__label_active"
                >
                  
                </wx-view>
                <wx-view
                  class="smart-switch__label_inactive"
                >
                  
                </wx-view>
              </wx-view>
              <wx-view
                class="smart-switch__node node-class"
              />
            </wx-view>
          </wx-view>
        </smart-switch>
      </wx-view>
    </wx-view>
  </demo-block>
  <demo-block>
    <wx-view
      class="custom-class demo-block smart-clearfix demo-block--padding"
    >
      <smart-switch
        bind:change="onChange"
      >
        <wx-view
          class="smart-switch smart-switch--on smart-switch--disabled custom-class"
          style="font-size:30px"
          bind:tap="onClick"
        >
          <wx-view
            class="smart-switch__center"
          >
            <wx-view
              class="smart-switch__label"
            >
              <wx-view
                class="smart-switch__label_active"
              >
                
              </wx-view>
              <wx-view
                class="smart-switch__label_inactive"
              >
                
              </wx-view>
            </wx-view>
            <wx-view
              class="smart-switch__node node-class"
            />
          </wx-view>
        </wx-view>
      </smart-switch>
    </wx-view>
  </demo-block>
  <demo-block>
    <wx-view
      class="custom-class demo-block smart-clearfix demo-block--padding"
    >
      <smart-switch
        bind:change="onChange"
      >
        <wx-view
          class="smart-switch smart-switch--on custom-class"
          style="font-size:30px"
          bind:tap="onClick"
        >
          <wx-view
            class="smart-switch__center"
          >
            <wx-view
              class="smart-switch__label"
            >
              <wx-view
                class="smart-switch__label_active"
              >
                
              </wx-view>
              <wx-view
                class="smart-switch__label_inactive"
              >
                
              </wx-view>
            </wx-view>
            <wx-view
              class="smart-switch__node node-class"
            >
              <smart-loading
                customClass="smart-switch__loading"
              >
                <wx-view
                  class="custom-class smart-loading"
                >
                  <wx-view
                    class="smart-loading__spinner smart-loading__spinner--circular"
                    style="mask-image:url('data:image/svg+xml,%3C%3Fxml%20version%3D%221.0%22%20standalone%3D%22no%22%3F%3E%3C!DOCTYPE%20svg%20PUBLIC%20%22-%2F%2FW3C%2F%2FDTD%20SVG%201.1%2F%2FEN%22%20%22http%3A%2F%2Fwww.w3.org%2FGraphics%2FSVG%2F1.1%2FDTD%2Fsvg11.dtd%22%3E%3Csvg%20xmlns%3D%22http%3A%2F%2Fwww.w3.org%2F2000%2Fsvg%22%20xmlns%3Axlink%3D%22http%3A%2F%2Fwww.w3.org%2F1999%2Fxlink%22%20fill%3D%22none%22%20version%3D%221.1%22%20width%3D%2224%22%20height%3D%2224%22%20viewBox%3D%220%200%2024%2024%22%3E%3Cdefs%3E%3CclipPath%20id%3D%22master_svg0_452_31565%22%3E%3Crect%20x%3D%220%22%20y%3D%220%22%20width%3D%2224%22%20height%3D%2224%22%20rx%3D%220%22%2F%3E%3C%2FclipPath%3E%3ClinearGradient%20x1%3D%220.5%22%20y1%3D%220.5%22%20x2%3D%220.5%22%20y2%3D%220.8999999761581421%22%20id%3D%22master_svg1_452_31641%22%3E%3Cstop%20offset%3D%220%25%22%20stop-color%3D%22%231989fa%22%20stop-opacity%3D%221%22%2F%3E%3Cstop%20offset%3D%22100%25%22%20stop-color%3D%22%231989fa%22%20stop-opacity%3D%220%22%2F%3E%3C%2FlinearGradient%3E%3C%2Fdefs%3E%3Cg%20clip-path%3D%22url(%23master_svg0_452_31565)%22%3E%3Cg%20style%3D%22opacity%3A0.20000000298023224%3B%22%3E%3Cpath%20d%3D%22M12%2C18.4C15.5346%2C18.4%2C18.4%2C15.5346%2C18.4%2C12C18.4%2C8.46538%2C15.5346%2C5.6%2C12%2C5.6C8.46538%2C5.6%2C5.6%2C8.46538%2C5.6%2C12C5.6%2C15.5346%2C8.46538%2C18.4%2C12%2C18.4ZM12%2C20C16.418300000000002%2C20%2C20%2C16.418300000000002%2C20%2C12C20%2C7.58172%2C16.418300000000002%2C4%2C12%2C4C7.58172%2C4%2C4%2C7.58172%2C4%2C12C4%2C16.418300000000002%2C7.58172%2C20%2C12%2C20Z%22%20fill-rule%3D%22evenodd%22%20fill%3D%22%231989fa%22%20fill-opacity%3D%221%22%2F%3E%3C%2Fg%3E%3Cg%3E%3Cpath%20d%3D%22M12%2C5.6C8.46538%2C5.6%2C5.6%2C8.46538%2C5.6%2C12C5.6%2C15.5346%2C8.46538%2C18.4%2C12%2C18.4C12.44183%2C18.4%2C12.8%2C18.758200000000002%2C12.8%2C19.2C12.8%2C19.6418%2C12.44183%2C20%2C12%2C20C7.58172%2C20%2C4%2C16.418300000000002%2C4%2C12C4%2C7.58172%2C7.58172%2C4%2C12%2C4C16.418300000000002%2C4%2C20%2C7.58172%2C20%2C12C20%2C12.44183%2C19.6418%2C12.8%2C19.2%2C12.8C18.758200000000002%2C12.8%2C18.4%2C12.44183%2C18.4%2C12C18.4%2C8.46538%2C15.5346%2C5.6%2C12%2C5.6Z%22%20fill-rule%3D%22evenodd%22%20fill%3D%22url(%23master_svg1_452_31641)%22%20fill-opacity%3D%221%22%2F%3E%3C%2Fg%3E%3C%2Fg%3E%3C%2Fsvg%3E');width:30px;height:30px;mask-size:30px"
                  >
                    <wx-view
                      class="smart-switch__loading"
                      style="mask-image:url('data:image/svg+xml,%3C%3Fxml%20version%3D%221.0%22%20standalone%3D%22no%22%3F%3E%3C!DOCTYPE%20svg%20PUBLIC%20%22-%2F%2FW3C%2F%2FDTD%20SVG%201.1%2F%2FEN%22%20%22http%3A%2F%2Fwww.w3.org%2FGraphics%2FSVG%2F1.1%2FDTD%2Fsvg11.dtd%22%3E%3Csvg%20xmlns%3D%22http%3A%2F%2Fwww.w3.org%2F2000%2Fsvg%22%20xmlns%3Axlink%3D%22http%3A%2F%2Fwww.w3.org%2F1999%2Fxlink%22%20fill%3D%22none%22%20version%3D%221.1%22%20width%3D%2224%22%20height%3D%2224%22%20viewBox%3D%220%200%2024%2024%22%3E%3Cdefs%3E%3CclipPath%20id%3D%22master_svg0_452_31565%22%3E%3Crect%20x%3D%220%22%20y%3D%220%22%20width%3D%2224%22%20height%3D%2224%22%20rx%3D%220%22%2F%3E%3C%2FclipPath%3E%3ClinearGradient%20x1%3D%220.5%22%20y1%3D%220.5%22%20x2%3D%220.5%22%20y2%3D%220.8999999761581421%22%20id%3D%22master_svg1_452_31641%22%3E%3Cstop%20offset%3D%220%25%22%20stop-color%3D%22%231989fa%22%20stop-opacity%3D%221%22%2F%3E%3Cstop%20offset%3D%22100%25%22%20stop-color%3D%22%231989fa%22%20stop-opacity%3D%220%22%2F%3E%3C%2FlinearGradient%3E%3C%2Fdefs%3E%3Cg%20clip-path%3D%22url(%23master_svg0_452_31565)%22%3E%3Cg%20style%3D%22opacity%3A0.20000000298023224%3B%22%3E%3Cpath%20d%3D%22M12%2C18.4C15.5346%2C18.4%2C18.4%2C15.5346%2C18.4%2C12C18.4%2C8.46538%2C15.5346%2C5.6%2C12%2C5.6C8.46538%2C5.6%2C5.6%2C8.46538%2C5.6%2C12C5.6%2C15.5346%2C8.46538%2C18.4%2C12%2C18.4ZM12%2C20C16.418300000000002%2C20%2C20%2C16.418300000000002%2C20%2C12C20%2C7.58172%2C16.418300000000002%2C4%2C12%2C4C7.58172%2C4%2C4%2C7.58172%2C4%2C12C4%2C16.418300000000002%2C7.58172%2C20%2C12%2C20Z%22%20fill-rule%3D%22evenodd%22%20fill%3D%22%231989fa%22%20fill-opacity%3D%221%22%2F%3E%3C%2Fg%3E%3Cg%3E%3Cpath%20d%3D%22M12%2C5.6C8.46538%2C5.6%2C5.6%2C8.46538%2C5.6%2C12C5.6%2C15.5346%2C8.46538%2C18.4%2C12%2C18.4C12.44183%2C18.4%2C12.8%2C18.758200000000002%2C12.8%2C19.2C12.8%2C19.6418%2C12.44183%2C20%2C12%2C20C7.58172%2C20%2C4%2C16.418300000000002%2C4%2C12C4%2C7.58172%2C7.58172%2C4%2C12%2C4C16.418300000000002%2C4%2C20%2C7.58172%2C20%2C12C20%2C12.44183%2C19.6418%2C12.8%2C19.2%2C12.8C18.758200000000002%2C12.8%2C18.4%2C12.44183%2C18.4%2C12C18.4%2C8.46538%2C15.5346%2C5.6%2C12%2C5.6Z%22%20fill-rule%3D%22evenodd%22%20fill%3D%22url(%23master_svg1_452_31641)%22%20fill-opacity%3D%221%22%2F%3E%3C%2Fg%3E%3C%2Fg%3E%3C%2Fsvg%3E');width:30px;height:30px;mask-size:30px"
                    />
                  </wx-view>
                  <wx-view
                    class="smart-loading__text"
                    style="color:#1989fa"
                  />
                </wx-view>
              </smart-loading>
            </wx-view>
          </wx-view>
        </wx-view>
      </smart-switch>
    </wx-view>
  </demo-block>
  <demo-block>
    <wx-view
      class="custom-class demo-block smart-clearfix demo-block--padding"
    >
      <smart-switch
        bind:change="onChange"
      >
        <wx-view
          class="smart-switch smart-switch--on custom-class"
          style="font-size:24px"
          bind:tap="onClick"
        >
          <wx-view
            class="smart-switch__center"
          >
            <wx-view
              class="smart-switch__label"
            >
              <wx-view
                class="smart-switch__label_active"
              >
                
              </wx-view>
              <wx-view
                class="smart-switch__label_inactive"
              >
                
              </wx-view>
            </wx-view>
            <wx-view
              class="smart-switch__node node-class"
            >
              <smart-loading
                customClass="smart-switch__loading"
              >
                <wx-view
                  class="custom-class smart-loading"
                >
                  <wx-view
                    class="smart-loading__spinner smart-loading__spinner--circular"
                    style="mask-image:url('data:image/svg+xml,%3C%3Fxml%20version%3D%221.0%22%20standalone%3D%22no%22%3F%3E%3C!DOCTYPE%20svg%20PUBLIC%20%22-%2F%2FW3C%2F%2FDTD%20SVG%201.1%2F%2FEN%22%20%22http%3A%2F%2Fwww.w3.org%2FGraphics%2FSVG%2F1.1%2FDTD%2Fsvg11.dtd%22%3E%3Csvg%20xmlns%3D%22http%3A%2F%2Fwww.w3.org%2F2000%2Fsvg%22%20xmlns%3Axlink%3D%22http%3A%2F%2Fwww.w3.org%2F1999%2Fxlink%22%20fill%3D%22none%22%20version%3D%221.1%22%20width%3D%2224%22%20height%3D%2224%22%20viewBox%3D%220%200%2024%2024%22%3E%3Cdefs%3E%3CclipPath%20id%3D%22master_svg0_452_31565%22%3E%3Crect%20x%3D%220%22%20y%3D%220%22%20width%3D%2224%22%20height%3D%2224%22%20rx%3D%220%22%2F%3E%3C%2FclipPath%3E%3ClinearGradient%20x1%3D%220.5%22%20y1%3D%220.5%22%20x2%3D%220.5%22%20y2%3D%220.8999999761581421%22%20id%3D%22master_svg1_452_31641%22%3E%3Cstop%20offset%3D%220%25%22%20stop-color%3D%22%231989fa%22%20stop-opacity%3D%221%22%2F%3E%3Cstop%20offset%3D%22100%25%22%20stop-color%3D%22%231989fa%22%20stop-opacity%3D%220%22%2F%3E%3C%2FlinearGradient%3E%3C%2Fdefs%3E%3Cg%20clip-path%3D%22url(%23master_svg0_452_31565)%22%3E%3Cg%20style%3D%22opacity%3A0.20000000298023224%3B%22%3E%3Cpath%20d%3D%22M12%2C18.4C15.5346%2C18.4%2C18.4%2C15.5346%2C18.4%2C12C18.4%2C8.46538%2C15.5346%2C5.6%2C12%2C5.6C8.46538%2C5.6%2C5.6%2C8.46538%2C5.6%2C12C5.6%2C15.5346%2C8.46538%2C18.4%2C12%2C18.4ZM12%2C20C16.418300000000002%2C20%2C20%2C16.418300000000002%2C20%2C12C20%2C7.58172%2C16.418300000000002%2C4%2C12%2C4C7.58172%2C4%2C4%2C7.58172%2C4%2C12C4%2C16.418300000000002%2C7.58172%2C20%2C12%2C20Z%22%20fill-rule%3D%22evenodd%22%20fill%3D%22%231989fa%22%20fill-opacity%3D%221%22%2F%3E%3C%2Fg%3E%3Cg%3E%3Cpath%20d%3D%22M12%2C5.6C8.46538%2C5.6%2C5.6%2C8.46538%2C5.6%2C12C5.6%2C15.5346%2C8.46538%2C18.4%2C12%2C18.4C12.44183%2C18.4%2C12.8%2C18.758200000000002%2C12.8%2C19.2C12.8%2C19.6418%2C12.44183%2C20%2C12%2C20C7.58172%2C20%2C4%2C16.418300000000002%2C4%2C12C4%2C7.58172%2C7.58172%2C4%2C12%2C4C16.418300000000002%2C4%2C20%2C7.58172%2C20%2C12C20%2C12.44183%2C19.6418%2C12.8%2C19.2%2C12.8C18.758200000000002%2C12.8%2C18.4%2C12.44183%2C18.4%2C12C18.4%2C8.46538%2C15.5346%2C5.6%2C12%2C5.6Z%22%20fill-rule%3D%22evenodd%22%20fill%3D%22url(%23master_svg1_452_31641)%22%20fill-opacity%3D%221%22%2F%3E%3C%2Fg%3E%3C%2Fg%3E%3C%2Fsvg%3E');width:24px;height:24px;mask-size:24px"
                  >
                    <wx-view
                      class="smart-switch__loading"
                      style="mask-image:url('data:image/svg+xml,%3C%3Fxml%20version%3D%221.0%22%20standalone%3D%22no%22%3F%3E%3C!DOCTYPE%20svg%20PUBLIC%20%22-%2F%2FW3C%2F%2FDTD%20SVG%201.1%2F%2FEN%22%20%22http%3A%2F%2Fwww.w3.org%2FGraphics%2FSVG%2F1.1%2FDTD%2Fsvg11.dtd%22%3E%3Csvg%20xmlns%3D%22http%3A%2F%2Fwww.w3.org%2F2000%2Fsvg%22%20xmlns%3Axlink%3D%22http%3A%2F%2Fwww.w3.org%2F1999%2Fxlink%22%20fill%3D%22none%22%20version%3D%221.1%22%20width%3D%2224%22%20height%3D%2224%22%20viewBox%3D%220%200%2024%2024%22%3E%3Cdefs%3E%3CclipPath%20id%3D%22master_svg0_452_31565%22%3E%3Crect%20x%3D%220%22%20y%3D%220%22%20width%3D%2224%22%20height%3D%2224%22%20rx%3D%220%22%2F%3E%3C%2FclipPath%3E%3ClinearGradient%20x1%3D%220.5%22%20y1%3D%220.5%22%20x2%3D%220.5%22%20y2%3D%220.8999999761581421%22%20id%3D%22master_svg1_452_31641%22%3E%3Cstop%20offset%3D%220%25%22%20stop-color%3D%22%231989fa%22%20stop-opacity%3D%221%22%2F%3E%3Cstop%20offset%3D%22100%25%22%20stop-color%3D%22%231989fa%22%20stop-opacity%3D%220%22%2F%3E%3C%2FlinearGradient%3E%3C%2Fdefs%3E%3Cg%20clip-path%3D%22url(%23master_svg0_452_31565)%22%3E%3Cg%20style%3D%22opacity%3A0.20000000298023224%3B%22%3E%3Cpath%20d%3D%22M12%2C18.4C15.5346%2C18.4%2C18.4%2C15.5346%2C18.4%2C12C18.4%2C8.46538%2C15.5346%2C5.6%2C12%2C5.6C8.46538%2C5.6%2C5.6%2C8.46538%2C5.6%2C12C5.6%2C15.5346%2C8.46538%2C18.4%2C12%2C18.4ZM12%2C20C16.418300000000002%2C20%2C20%2C16.418300000000002%2C20%2C12C20%2C7.58172%2C16.418300000000002%2C4%2C12%2C4C7.58172%2C4%2C4%2C7.58172%2C4%2C12C4%2C16.418300000000002%2C7.58172%2C20%2C12%2C20Z%22%20fill-rule%3D%22evenodd%22%20fill%3D%22%231989fa%22%20fill-opacity%3D%221%22%2F%3E%3C%2Fg%3E%3Cg%3E%3Cpath%20d%3D%22M12%2C5.6C8.46538%2C5.6%2C5.6%2C8.46538%2C5.6%2C12C5.6%2C15.5346%2C8.46538%2C18.4%2C12%2C18.4C12.44183%2C18.4%2C12.8%2C18.758200000000002%2C12.8%2C19.2C12.8%2C19.6418%2C12.44183%2C20%2C12%2C20C7.58172%2C20%2C4%2C16.418300000000002%2C4%2C12C4%2C7.58172%2C7.58172%2C4%2C12%2C4C16.418300000000002%2C4%2C20%2C7.58172%2C20%2C12C20%2C12.44183%2C19.6418%2C12.8%2C19.2%2C12.8C18.758200000000002%2C12.8%2C18.4%2C12.44183%2C18.4%2C12C18.4%2C8.46538%2C15.5346%2C5.6%2C12%2C5.6Z%22%20fill-rule%3D%22evenodd%22%20fill%3D%22url(%23master_svg1_452_31641)%22%20fill-opacity%3D%221%22%2F%3E%3C%2Fg%3E%3C%2Fg%3E%3C%2Fsvg%3E');width:24px;height:24px;mask-size:24px"
                    />
                  </wx-view>
                  <wx-view
                    class="smart-loading__text"
                    style="color:#1989fa"
                  />
                </wx-view>
              </smart-loading>
            </wx-view>
          </wx-view>
        </wx-view>
      </smart-switch>
    </wx-view>
  </demo-block>
  <demo-block>
    <wx-view
      class="custom-class demo-block smart-clearfix demo-block--padding"
    >
      <smart-switch
        bind:change="onChange"
      >
        <wx-view
          class="smart-switch smart-switch--on custom-class"
          style="font-size:30px;background:#07c160"
          bind:tap="onClick"
        >
          <wx-view
            class="smart-switch__center"
          >
            <wx-view
              class="smart-switch__label"
            >
              <wx-view
                class="smart-switch__label_active"
              >
                
              </wx-view>
              <wx-view
                class="smart-switch__label_inactive"
              >
                
              </wx-view>
            </wx-view>
            <wx-view
              class="smart-switch__node node-class"
            />
          </wx-view>
        </wx-view>
      </smart-switch>
    </wx-view>
  </demo-block>
  <demo-block>
    <wx-view
      class="custom-class demo-block smart-clearfix demo-block--padding"
    >
      <smart-switch
        bind:change="onChange"
      >
        <wx-view
          class="smart-switch smart-switch--on custom-class"
          style="font-size:30px;background:linear-gradient(to right, #ff7e5f, #987AFF)"
          bind:tap="onClick"
        >
          <wx-view
            class="smart-switch__center"
          >
            <wx-view
              class="smart-switch__label"
            >
              <wx-view
                class="smart-switch__label_active"
              >
                
              </wx-view>
              <wx-view
                class="smart-switch__label_inactive"
              >
                
              </wx-view>
            </wx-view>
            <wx-view
              class="smart-switch__node node-class"
            />
          </wx-view>
        </wx-view>
      </smart-switch>
    </wx-view>
  </demo-block>
  <demo-block>
    <wx-view
      class="custom-class demo-block smart-clearfix demo-block--padding"
    >
      <smart-switch
        bind:change="onChange2"
      >
        <wx-view
          class="smart-switch smart-switch--on custom-class"
          style="font-size:30px"
          bind:tap="onClick"
        >
          <wx-view
            class="smart-switch__center"
          >
            <wx-view
              class="smart-switch__label"
            >
              <wx-view
                class="smart-switch__label_active"
              >
                
              </wx-view>
              <wx-view
                class="smart-switch__label_inactive"
              >
                
              </wx-view>
            </wx-view>
            <wx-view
              class="smart-switch__node node-class"
            />
          </wx-view>
        </wx-view>
      </smart-switch>
    </wx-view>
  </demo-block>
  <demo-block>
    <wx-view
      class="custom-class demo-block smart-clearfix demo-block--padding"
    >
      <smart-switch
        bind:change="onChange"
      >
        <wx-view
          class="smart-switch smart-switch--on custom-class"
          style="font-size:30px"
          catch:tap="onClick"
        >
          <wx-view
            class="smart-switch__center"
          >
            <wx-view
              class="smart-switch__label"
            >
              <wx-view
                class="smart-switch__label_active"
              >
                
              </wx-view>
              <wx-view
                class="smart-switch__label_inactive"
              >
                
              </wx-view>
            </wx-view>
            <wx-view
              class="smart-switch__node node-class"
            />
          </wx-view>
        </wx-view>
      </smart-switch>
    </wx-view>
  </demo-block>
  <demo-block>
    <wx-view
      class="custom-class demo-block smart-clearfix demo-block--padding"
    >
      <smart-cell-group>
        <wx-view
          class="custom-class smart-cell-group "
          style=""
        >
          <smart-cell>
            <wx-view
              class="custom-class smart-cell"
              hoverClass="smart-cell--hover hover-class"
              hoverStayTime="70"
              style=""
              bind:tap="onClick"
            >
              <wx-view
                class="smart-cell__title title-class"
                style=""
              />
              <wx-view
                class="smart-cell__value value-class"
              >
                <smart-switch
                  bind:change="onChange"
                >
                  <wx-view
                    class="smart-switch smart-switch--on custom-class"
                    style="font-size:30px"
                    bind:tap="onClick"
                  >
                    <wx-view
                      class="smart-switch__center"
                    >
                      <wx-view
                        class="smart-switch__label"
                      >
                        <wx-view
                          class="smart-switch__label_active"
                        >
                          
                        </wx-view>
                        <wx-view
                          class="smart-switch__label_inactive"
                        >
                          
                        </wx-view>
                      </wx-view>
                      <wx-view
                        class="smart-switch__node node-class"
                      />
                    </wx-view>
                  </wx-view>
                </smart-switch>
              </wx-view>
            </wx-view>
          </smart-cell>
        </wx-view>
      </smart-cell-group>
    </wx-view>
  </demo-block>
  <smart-dialog>
    <smart-popup
      customClass="smart-dialog smart-dialog--default  custom-class"
      bind:after-enter="onAfterEnter"
      bind:after-leave="onAfterLeave"
      bind:before-enter="onBeforeEnter"
      bind:before-leave="onBeforeLeave"
      bind:close="onClickOverlay"
      bind:enter="onEnter"
      bind:enter-error="onPopUpError"
      bind:leave="onLeave"
      bind:leave-error="onPopUpError"
    >
      <smart-overlay
        bind:click="onClickOverlay"
      >
        <smart-transition
          customClass="smart-overlay custom-class"
          bind:tap="onClick"
          catch:touchmove="noop"
        />
      </smart-overlay>
    </smart-popup>
  </smart-dialog>
</main>
`;
